Archive member included to satisfy reference by file (symbol)

/Applications/ArmGNUToolchain/11.3.rel1/arm-none-eabi/bin/../lib/gcc/arm-none-eabi/11.3.1/thumb/v7-m/nofp/libgcc.a(_popcountsi2.o)
                              build_gd32/lib/networkdisplay.o (__popcountsi2)
../lib-c/lib_gd32/libc.a(printf.o)
                              build_gd32/firmware/main.o (vsnprintf)
/Applications/ArmGNUToolchain/11.3.rel1/arm-none-eabi/bin/../lib/gcc/arm-none-eabi/11.3.1/thumb/v7-m/nofp/libgcc.a(_aeabi_uldivmod.o)
                              ../lib-c/lib_gd32/libc.a(printf.o) (__aeabi_uldivmod)
/Applications/ArmGNUToolchain/11.3.rel1/arm-none-eabi/bin/../lib/gcc/arm-none-eabi/11.3.1/thumb/v7-m/nofp/libgcc.a(_udivmoddi4.o)
                              /Applications/ArmGNUToolchain/11.3.rel1/arm-none-eabi/bin/../lib/gcc/arm-none-eabi/11.3.1/thumb/v7-m/nofp/libgcc.a(_aeabi_uldivmod.o) (__udivmoddi4)
/Applications/ArmGNUToolchain/11.3.rel1/arm-none-eabi/bin/../lib/gcc/arm-none-eabi/11.3.1/thumb/v7-m/nofp/libgcc.a(_dvmd_tls.o)
                              /Applications/ArmGNUToolchain/11.3.rel1/arm-none-eabi/bin/../lib/gcc/arm-none-eabi/11.3.1/thumb/v7-m/nofp/libgcc.a(_aeabi_uldivmod.o) (__aeabi_ldiv0)
../lib-display/lib_gd32/libdisplay.a(display.o)
                              build_gd32/firmware/main.o (Display::Display(unsigned int))
../lib-display/lib_gd32/libdisplay.a(ssd1306.o)
                              ../lib-display/lib_gd32/libdisplay.a(display.o) (Ssd1306::Ssd1306(TOledPanel))
../lib-display/lib_gd32/libdisplay.a(display_timeout.o)
                              ../lib-display/lib_gd32/libdisplay.a(display.o) (display::timeout::gpio_init())
../lib-spiflashstore/lib_gd32/libspiflashstore.a(spiflashstore.o)
                              build_gd32/firmware/main.o (SpiFlashStore::SpiFlashStore())
../lib-spiflashstore/lib_gd32/libspiflashstore.a(storenetwork.o)
                              build_gd32/firmware/main.o (StoreNetwork::StoreNetwork())
../lib-spiflashstore/lib_gd32/libspiflashstore.a(storeremoteconfig.o)
                              build_gd32/firmware/main.o (StoreRemoteConfig::StoreRemoteConfig())
../lib-remoteconfig/lib_gd32/libremoteconfig.a(remoteconfig.o)
                              build_gd32/firmware/main.o (RemoteConfig::RemoteConfig(remoteconfig::Node, remoteconfig::Output, unsigned int))
../lib-remoteconfig/lib_gd32/libremoteconfig.a(remoteconfigfactory.o)
                              ../lib-remoteconfig/lib_gd32/libremoteconfig.a(remoteconfig.o) (RemoteConfig::HandleFactory())
../lib-remoteconfig/lib_gd32/libremoteconfig.a(remoteconfigparams.o)
                              build_gd32/firmware/main.o (RemoteConfigParams::RemoteConfigParams(RemoteConfigParamsStore*))
../lib-remoteconfig/lib_gd32/libremoteconfig.a(remoteconfigreboot.o)
                              ../lib-remoteconfig/lib_gd32/libremoteconfig.a(remoteconfig.o) (RemoteConfig::HandleReboot())
../lib-remoteconfig/lib_gd32/libremoteconfig.a(remoteconfigstatic.o)
                              ../lib-remoteconfig/lib_gd32/libremoteconfig.a(remoteconfig.o) (RemoteConfig::GetIndex(void const*, unsigned int&))
../lib-remoteconfig/lib_gd32/libremoteconfig.a(tftpfileserver.o)
                              ../lib-remoteconfig/lib_gd32/libremoteconfig.a(remoteconfig.o) (TFTPFileServer::TFTPFileServer(unsigned char*, unsigned int))
../lib-remoteconfig/lib_gd32/libremoteconfig.a(remoteconfigconst.o)
                              ../lib-remoteconfig/lib_gd32/libremoteconfig.a(remoteconfigparams.o) (RemoteConfigConst::PARAMS_DISPLAY_NAME)
../lib-remoteconfig/lib_gd32/libremoteconfig.a(tftpfileserver.o)
                              ../lib-remoteconfig/lib_gd32/libremoteconfig.a(tftpfileserver.o) (tftpfileserver::is_valid(void const*))
../lib-spiflashinstall/lib_gd32/libspiflashinstall.a(spiflashinstall.o)
                              build_gd32/firmware/main.o (SpiFlashInstall::SpiFlashInstall())
../lib-spiflashinstall/lib_gd32/libspiflashinstall.a(spiflashinstall.o)
                              ../lib-remoteconfig/lib_gd32/libremoteconfig.a(remoteconfig.o) (SpiFlashInstall::WriteFirmware(unsigned char const*, unsigned int))
../lib-spiflash/lib_gd32/libspiflash.a(spi_flash.o)
                              ../lib-spiflashstore/lib_gd32/libspiflashstore.a(spiflashstore.o) (spi_flash_get_name)
../lib-network/lib_gd32/libnetwork.a(net.o)
                              build_gd32/firmware/main.o (net_handle)
../lib-network/lib_gd32/libnetwork.a(net_timers.o)
                              ../lib-network/lib_gd32/libnetwork.a(net.o) (net_timers_run)
../lib-network/lib_gd32/libnetwork.a(rfc3927.o)
                              ../lib-network/lib_gd32/libnetwork.a(net.o) (rfc3927_init)
../lib-network/lib_gd32/libnetwork.a(tcp.o)
                              ../lib-network/lib_gd32/libnetwork.a(net.o) (tcp_init)
../lib-network/lib_gd32/libnetwork.a(udp.o)
[...]
Memory Configuration

Name             Origin             Length             Attributes
FLASH            0x0000000008000000 0x0000000000007000 xr
RAM              0x0000000020000000 0x0000000000020000 xrw
*default*        0x0000000000000000 0xffffffffffffffff

Linker script and memory map

LOAD build_gd32/startup_gd32f20x_cl.o
LOAD build_gd32/firmware/main.o
LOAD build_gd32/lib/networkdisplay.o
LOAD build_gd32/lib/ntpclientdisplay.o
                0x000000000001ac00                __heap_size = DEFINED (__heap_size)?__heap_size:0x1ac00
                0x0000000000000400                __stack_size = DEFINED (__stack_size)?__stack_size:0x400

.vectors        0x0000000008000000      0x1a8
                0x0000000008000000                . = ALIGN (0x4)
 *(.vectors)
 .vectors       0x0000000008000000      0x1a8 build_gd32/startup_gd32f20x_cl.o
                0x0000000008000000                __gVectors
                0x00000000080001a8                . = ALIGN (0x4)
                0x00000000080001a8                __Vectors_End = .
                0x00000000080001a8                __Vectors_Size = (__Vectors_End - __gVectors)

.text           0x00000000080001a8     0x5d28
                0x00000000080001a8                . = ALIGN (0x4)
 *(.text.unlikely*)
 .text.unlikely.net_init
                0x00000000080001a8       0xa0 ../lib-network/lib_gd32/libnetwork.a(net.o)
                0x00000000080001a8                net_init
 .text.unlikely.net_shutdown
                0x0000000008000248       0x1c ../lib-network/lib_gd32/libnetwork.a(net.o)
                0x0000000008000248                net_shutdown
 .text.unlikely.rfc3927_init
                0x0000000008000264       0x18 ../lib-network/lib_gd32/libnetwork.a(rfc3927.o)
                0x0000000008000264                rfc3927_init
 .text.unlikely.tcp_init
                0x000000000800027c       0x44 ../lib-network/lib_gd32/libnetwork.a(tcp.o)
                0x000000000800027c                tcp_init
 .text.unlikely.udp_init
                0x00000000080002c0       0x50 ../lib-network/lib_gd32/libnetwork.a(udp.o)
                0x00000000080002c0                udp_init
 .text.unlikely.udp_shutdown
                0x0000000008000310        0x2 ../lib-network/lib_gd32/libnetwork.a(udp.o)
                0x0000000008000310                udp_shutdown
 *fill*         0x0000000008000312        0x2 
 .text.unlikely.arp_init
                0x0000000008000314       0xf8 ../lib-network/lib_gd32/libnetwork.a(arp.o)
                0x0000000008000314                arp_init
 .text.unlikely.arp_cache_init
                0x000000000800040c       0x34 ../lib-network/lib_gd32/libnetwork.a(arp_cache.o)
                0x000000000800040c                arp_cache_init
 .text.unlikely.igmp_init
                0x0000000008000440       0xb8 ../lib-network/lib_gd32/libnetwork.a(igmp.o)
                0x0000000008000440                igmp_init
 .text.unlikely.igmp_shutdown
                0x00000000080004f8       0x18 ../lib-network/lib_gd32/libnetwork.a(igmp.o)
                0x00000000080004f8                igmp_shutdown
 .text.unlikely.ip_init
                0x0000000008000510       0x16 ../lib-network/lib_gd32/libnetwork.a(ip.o)
                0x0000000008000510                ip_init
 .text.unlikely.ip_shutdown
                0x0000000008000526        0xe ../lib-network/lib_gd32/libnetwork.a(ip.o)
                0x0000000008000526                ip_shutdown
 .text.unlikely.console_init
                0x0000000008000534       0x20 ../lib-hal/lib_gd32/libhal.a(console_uart0.o)
                0x0000000008000534                console_init
 *(.text.hot*)
 .text.hot.net_handle
                0x0000000008000554       0x38 ../lib-network/lib_gd32/libnetwork.a(net.o)
                0x0000000008000554                net_handle
 .text.hot.udp_handle
                0x000000000800058c       0xac ../lib-network/lib_gd32/libnetwork.a(udp.o)
                0x000000000800058c                udp_handle
 .text.hot.arp_handle
                0x0000000008000638       0x18 ../lib-network/lib_gd32/libnetwork.a(arp.o)
                0x0000000008000638                arp_handle
 .text.hot.igmp_handle
                0x0000000008000650       0xa0 ../lib-network/lib_gd32/libnetwork.a(igmp.o)
                0x0000000008000650                igmp_handle
 .text.hot.ip_handle
                0x00000000080006f0       0x26 ../lib-network/lib_gd32/libnetwork.a(ip.o)
                0x00000000080006f0                ip_handle
 *fill*         0x0000000008000716        0x2 
 .text.hot.icmp_handle
                0x0000000008000718       0x98 ../lib-network/lib_gd32/libnetwork.a(icmp.o)
                0x0000000008000718                icmp_handle
 *(.text)
 .text          0x00000000080007b0       0x30 /Applications/ArmGNUToolchain/11.3.rel1/arm-none-eabi/bin/../lib/gcc/arm-none-eabi/11.3.1/thumb/v7-m/nofp/libgcc.a(_aeabi_uldivmod.o)
                0x00000000080007b0                __aeabi_uldivmod
 .text          0x00000000080007e0        0x4 /Applications/ArmGNUToolchain/11.3.rel1/arm-none-eabi/bin/../lib/gcc/arm-none-eabi/11.3.1/thumb/v7-m/nofp/libgcc.a(_dvmd_tls.o)
                0x00000000080007e0                __aeabi_ldiv0
                0x00000000080007e0                __aeabi_idiv0
 *(.text*)
 .text.Reset_Handler
                0x00000000080007e4       0x44 build_gd32/startup_gd32f20x_cl.o
                0x00000000080007e4                Reset_Handler
 .text.Default_Handler
                0x0000000008000828        0x2 build_gd32/startup_gd32f20x_cl.o
                0x0000000008000828                ENET_IRQHandler
                0x0000000008000828                TIMER2_IRQHandler
                0x0000000008000828                TIMER5_IRQHandler
                0x0000000008000828                DebugMon_Handler
                0x0000000008000828                LVD_IRQHandler
                0x0000000008000828                CAN1_EWMC_IRQHandler
                0x0000000008000828                HardFault_Handler
                0x0000000008000828                TIMER7_UP_TIMER12_IRQHandler
                0x0000000008000828                ADC0_1_IRQHandler
                0x0000000008000828                SDIO_IRQHandler
                0x0000000008000828                PendSV_Handler
                0x0000000008000828                NMI_Handler
                0x0000000008000828                EXTI3_IRQHandler
                0x0000000008000828                DCI_IRQHandler
                0x0000000008000828                USBFS_WKUP_IRQHandler
                0x0000000008000828                TIMER0_TRG_CMT_TIMER10_IRQHandler
                0x0000000008000828                USBFS_IRQHandler
                0x0000000008000828                TIMER3_IRQHandler
                0x0000000008000828                DMA0_Channel6_IRQHandler
                0x0000000008000828                I2C0_EV_IRQHandler
                0x0000000008000828                EXTI0_IRQHandler
                0x0000000008000828                I2C2_EV_IRQHandler
                0x0000000008000828                CAU_IRQHandler
                0x0000000008000828                CAN1_RX0_IRQHandler
                0x0000000008000828                TIMER7_TRG_CMT_TIMER13_IRQHandler
                0x0000000008000828                UsageFault_Handler
                0x0000000008000828                TIMER4_IRQHandler
                0x0000000008000828                SPI1_IRQHandler
                0x0000000008000828                DMA0_Channel0_IRQHandler
                0x0000000008000828                USART5_IRQHandler
                0x0000000008000828                TAMPER_IRQHandler
                0x0000000008000828                TIMER0_BRK_TIMER8_IRQHandler
                0x0000000008000828                DMA1_Channel0_IRQHandler
                0x0000000008000828                TIMER7_BRK_TIMER11_IRQHandler
                0x0000000008000828                TIMER6_IRQHandler
                0x0000000008000828                DMA1_Channel4_IRQHandler
                0x0000000008000828                DMA0_Channel3_IRQHandler
                0x0000000008000828                I2C0_ER_IRQHandler
                0x0000000008000828                TLI_IRQHandler
                0x0000000008000828                TIMER0_UP_TIMER9_IRQHandler
                0x0000000008000828                RTC_IRQHandler
                0x0000000008000828                CAN1_RX1_IRQHandler
                0x0000000008000828                DMA0_Channel2_IRQHandler
                0x0000000008000828                USART0_IRQHandler
                0x0000000008000828                TIMER1_IRQHandler
                0x0000000008000828                I2C1_EV_IRQHandler
                0x0000000008000828                DMA1_Channel6_IRQHandler
                0x0000000008000828                UART4_IRQHandler
                0x0000000008000828                EXTI10_15_IRQHandler
                0x0000000008000828                DMA1_Channel1_IRQHandler
                0x0000000008000828                Default_Handler
                0x0000000008000828                TIMER7_Channel_IRQHandler
                0x0000000008000828                CAN0_TX_IRQHandler
                0x0000000008000828                WWDGT_IRQHandler
                0x0000000008000828                EXMC_IRQHandler
                0x0000000008000828                ADC2_IRQHandler
                0x0000000008000828                SPI2_IRQHandler
                0x0000000008000828                MemManage_Handler
                0x0000000008000828                CAN1_TX_IRQHandler
                0x0000000008000828                SVC_Handler
                0x0000000008000828                HAU_TRNG_IRQHandler
                0x0000000008000828                DMA1_Channel5_IRQHandler
                0x0000000008000828                EXTI4_IRQHandler
                0x0000000008000828                CAN0_RX1_IRQHandler
                0x0000000008000828                DMA0_Channel5_IRQHandler
                0x0000000008000828                DMA1_Channel3_IRQHandler
                0x0000000008000828                EXTI5_9_IRQHandler
                0x0000000008000828                RCU_IRQHandler
                0x0000000008000828                DMA0_Channel1_IRQHandler
                0x0000000008000828                TIMER0_Channel_IRQHandler
                0x0000000008000828                EXTI1_IRQHandler
                0x0000000008000828                ENET_WKUP_IRQHandler
                0x0000000008000828                RTCAlarm_IRQHandler
                0x0000000008000828                UART7_IRQHandler
                0x0000000008000828                USART2_IRQHandler
                0x0000000008000828                UART6_IRQHandler
                0x0000000008000828                CAN0_EWMC_IRQHandler
                0x0000000008000828                CAN0_RX0_IRQHandler
                0x0000000008000828                I2C2_ER_IRQHandler
                0x0000000008000828                DMA1_Channel2_IRQHandler
                0x0000000008000828                TLI_ER_IRQHandler
                0x0000000008000828                BusFault_Handler
                0x0000000008000828                USART1_IRQHandler
                0x0000000008000828                UART3_IRQHandler
                0x0000000008000828                I2C1_ER_IRQHandler
                0x0000000008000828                FMC_IRQHandler
                0x0000000008000828                DMA0_Channel4_IRQHandler
                0x0000000008000828                EXTI2_IRQHandler
 .text._ZN7Display6PrintfEhPKcz
                0x000000000800082a       0x38 build_gd32/firmware/main.o
                0x000000000800082a                Display::Printf(unsigned char, char const*, ...)
 .text._ZN8Hardware13RebootHandlerEv
                0x0000000008000862        0x2 build_gd32/firmware/main.o
                0x0000000008000862                Hardware::RebootHandler()
 .text.startup.main
                0x0000000008000864      0x1b8 build_gd32/firmware/main.o
                0x0000000008000864                main
 .text._ZN7Display9PutStringEPKc.isra.0
                0x0000000008000a1c        0xa build_gd32/lib/networkdisplay.o
 .text._ZN7Display9ClearLineEh.isra.0
                0x0000000008000a26        0xa build_gd32/lib/networkdisplay.o
 .text._ZN7Display6StatusE22Display7SegmentMessage
                0x0000000008000a30       0x34 build_gd32/lib/networkdisplay.o
                0x0000000008000a30                Display::Status(Display7SegmentMessage)
 .text._ZN14NetworkDisplay13ShowEmacStartEv
                0x0000000008000a64       0x24 build_gd32/lib/networkdisplay.o
                0x0000000008000a64                NetworkDisplay::ShowEmacStart()
 .text._ZN14NetworkDisplay6ShowIpEv
                0x0000000008000a88       0x68 build_gd32/lib/networkdisplay.o
                0x0000000008000a88                NetworkDisplay::ShowIp()
 .text._ZN14NetworkDisplay12ShowShutdownEv
                0x0000000008000af0       0x24 build_gd32/lib/networkdisplay.o
                0x0000000008000af0                NetworkDisplay::ShowShutdown()
 .text._ZN14NetworkDisplay14ShowDhcpStatusEN7network4dhcp12ClientStatusE
                0x0000000008000b14       0x70 build_gd32/lib/networkdisplay.o
                0x0000000008000b14                NetworkDisplay::ShowDhcpStatus(network::dhcp::ClientStatus)
 .text.__popcountsi2
                0x0000000008000b84       0x28 /Applications/ArmGNUToolchain/11.3.rel1/arm-none-eabi/bin/../lib/gcc/arm-none-eabi/11.3.1/thumb/v7-m/nofp/libgcc.a(_popcountsi2.o)
                0x0000000008000b84                __popcountsi2
 .text._xputch  0x0000000008000bac       0x2c ../lib-c/lib_gd32/libc.a(printf.o)
 .text._format_int
                0x0000000008000bd8       0xd4 ../lib-c/lib_gd32/libc.a(printf.o)
 .text._format_hex
                0x0000000008000cac       0xba ../lib-c/lib_gd32/libc.a(printf.o)
 *fill*         0x0000000008000d66        0x2 
 .text._vprintf
                0x0000000008000d68      0x234 ../lib-c/lib_gd32/libc.a(printf.o)
 .text.printf   0x0000000008000f9c       0x1e ../lib-c/lib_gd32/libc.a(printf.o)
                0x0000000008000f9c                printf
 *fill*         0x0000000008000fba        0x2 
 .text.snprintf
                0x0000000008000fbc       0x30 ../lib-c/lib_gd32/libc.a(printf.o)
                0x0000000008000fbc                snprintf
 .text.vsnprintf
                0x0000000008000fec       0x20 ../lib-c/lib_gd32/libc.a(printf.o)
                0x0000000008000fec                vsnprintf
 .text.__udivmoddi4
                0x000000000800100c      0x2cc /Applications/ArmGNUToolchain/11.3.rel1/arm-none-eabi/bin/../lib/gcc/arm-none-eabi/11.3.1/thumb/v7-m/nofp/libgcc.a(_udivmoddi4.o)
                0x000000000800100c                __udivmoddi4
 .text._ZN7Display9PrintInfoEv.isra.0
                0x00000000080012d8       0x14 ../lib-display/lib_gd32/libdisplay.a(display.o)
 .text._ZN7HAL_I2C13WriteRegisterEht
                0x00000000080012ec       0x2a ../lib-display/lib_gd32/libdisplay.a(display.o)
                0x00000000080012ec                HAL_I2C::WriteRegister(unsigned char, unsigned short)
 .text._ZN7HAL_I2C12IsConnected_Ehj
                0x0000000008001316       0x3c ../lib-display/lib_gd32/libdisplay.a(display.o)
                0x0000000008001316                HAL_I2C::IsConnected_(unsigned char, unsigned int)
 .text._ZN7Display14Detect7SegmentEv
                0x0000000008001352       0x30 ../lib-display/lib_gd32/libdisplay.a(display.o)
                0x0000000008001352                Display::Detect7Segment()
 *fill*         0x0000000008001382        0x2 
 .text._ZN7Display6DetectEj
                0x0000000008001384       0x58 ../lib-display/lib_gd32/libdisplay.a(display.o)
                0x0000000008001384                Display::Detect(unsigned int)
 .text._ZN7DisplayC2Ej
                0x00000000080013dc       0x50 ../lib-display/lib_gd32/libdisplay.a(display.o)
                0x00000000080013dc                Display::Display(unsigned int)
                0x00000000080013dc                Display::Display(unsigned int)
 .text._ZN7Ssd1306D2Ev
                0x000000000800142c        0x2 ../lib-display/lib_gd32/libdisplay.a(ssd1306.o)
                0x000000000800142c                Ssd1306::~Ssd1306()
                0x000000000800142c                Ssd1306::~Ssd1306()
 .text._ZN7Ssd13069SetCursorEj
                0x000000000800142e        0x2 ../lib-display/lib_gd32/libdisplay.a(ssd1306.o)
                0x000000000800142e                Ssd1306::SetCursor(unsigned int)
 .text._ZN7Ssd13069PrintInfoEv
                0x0000000008001430       0x28 ../lib-display/lib_gd32/libdisplay.a(ssd1306.o)
                0x0000000008001430                Ssd1306::PrintInfo()
 .text._ZN7Ssd1306D0Ev
                0x0000000008001458        0xc ../lib-display/lib_gd32/libdisplay.a(ssd1306.o)
                0x0000000008001458                Ssd1306::~Ssd1306()
 .text._ZN7HAL_I2C5SetupEv
                0x0000000008001464       0x14 ../lib-display/lib_gd32/libdisplay.a(ssd1306.o)
                0x0000000008001464                HAL_I2C::Setup()
 .text._ZN7Ssd13067PutCharEi
                0x0000000008001478       0x28 ../lib-display/lib_gd32/libdisplay.a(ssd1306.o)
                0x0000000008001478                Ssd1306::PutChar(int)
 .text._ZN7Ssd13069PutStringEPKc
                0x00000000080014a0       0x16 ../lib-display/lib_gd32/libdisplay.a(ssd1306.o)
                0x00000000080014a0                Ssd1306::PutString(char const*)
 .text._ZN7Ssd13064TextEPKcj
                0x00000000080014b6       0x22 ../lib-display/lib_gd32/libdisplay.a(ssd1306.o)
                0x00000000080014b6                Ssd1306::Text(char const*, unsigned int)
 .text._ZN7Ssd130611InitMembersEv
                0x00000000080014d8       0x22 ../lib-display/lib_gd32/libdisplay.a(ssd1306.o)
                0x00000000080014d8                Ssd1306::InitMembers()
 *fill*         0x00000000080014fa        0x2 
 .text._ZN7Ssd1306C2E10TOledPanel
                0x00000000080014fc       0x30 ../lib-display/lib_gd32/libdisplay.a(ssd1306.o)
                0x00000000080014fc                Ssd1306::Ssd1306(TOledPanel)
                0x00000000080014fc                Ssd1306::Ssd1306(TOledPanel)
 .text._ZN7Ssd130611SendCommandEh
                0x000000000800152c       0x20 ../lib-display/lib_gd32/libdisplay.a(ssd1306.o)
                0x000000000800152c                Ssd1306::SendCommand(unsigned char)
 .text._ZN7Ssd130612SetCursorPosEhh
                0x000000000800154c       0x46 ../lib-display/lib_gd32/libdisplay.a(ssd1306.o)
                0x000000000800154c                Ssd1306::SetCursorPos(unsigned char, unsigned char)
 .text._ZN7Ssd13068TextLineEhPKcj
                0x0000000008001592       0x28 ../lib-display/lib_gd32/libdisplay.a(ssd1306.o)
                0x0000000008001592                Ssd1306::TextLine(unsigned char, char const*, unsigned int)
 *fill*         0x00000000080015ba        0x2 
 .text._ZN7Ssd13069ClearLineEh
                0x00000000080015bc       0x3c ../lib-display/lib_gd32/libdisplay.a(ssd1306.o)
                0x00000000080015bc                Ssd1306::ClearLine(unsigned char)
 .text._ZN7Ssd13068SetSleepEb
                0x00000000080015f8        0xc ../lib-display/lib_gd32/libdisplay.a(ssd1306.o)
                0x00000000080015f8                Ssd1306::SetSleep(bool)
 .text._ZN7Ssd130611SetContrastEh
                0x0000000008001604       0x1a ../lib-display/lib_gd32/libdisplay.a(ssd1306.o)
                0x0000000008001604                Ssd1306::SetContrast(unsigned char)
 .text._ZN7Ssd130617SetFlipVerticallyEb
                0x000000000800161e       0x24 ../lib-display/lib_gd32/libdisplay.a(ssd1306.o)
                0x000000000800161e                Ssd1306::SetFlipVertically(bool)
 *fill*         0x0000000008001642        0x2 
 .text._ZN7Ssd130611CheckSH1106Ev
                0x0000000008001644       0xac ../lib-display/lib_gd32/libdisplay.a(ssd1306.o)
                0x0000000008001644                Ssd1306::CheckSH1106()
 .text._ZN7Ssd13063ClsEv
                0x00000000080016f0       0x78 ../lib-display/lib_gd32/libdisplay.a(ssd1306.o)
                0x00000000080016f0                Ssd1306::Cls()
 .text._ZN7Ssd13065StartEv
                0x0000000008001768       0xb4 ../lib-display/lib_gd32/libdisplay.a(ssd1306.o)
                0x0000000008001768                Ssd1306::Start()
 .text._ZN7display7timeout9gpio_initEv
                0x000000000800181c        0x2 ../lib-display/lib_gd32/libdisplay.a(display_timeout.o)
                0x000000000800181c                display::timeout::gpio_init()
 *fill*         0x000000000800181e        0x2 
 .text._ZN13SpiFlashStore14GetStoreOffsetEN13spiflashstore5StoreE
                0x0000000008001820       0x1c ../lib-spiflashstore/lib_gd32/libspiflashstore.a(spiflashstore.o)
                0x0000000008001820                SpiFlashStore::GetStoreOffset(spiflashstore::Store)
 .text._ZN13SpiFlashStore4InitEv
                0x000000000800183c      0x118 ../lib-spiflashstore/lib_gd32/libspiflashstore.a(spiflashstore.o)
                0x000000000800183c                SpiFlashStore::Init()
 .text._ZN13SpiFlashStoreC2Ev
                0x0000000008001954       0x70 ../lib-spiflashstore/lib_gd32/libspiflashstore.a(spiflashstore.o)
                0x0000000008001954                SpiFlashStore::SpiFlashStore()
                0x0000000008001954                SpiFlashStore::SpiFlashStore()
 .text._ZN13SpiFlashStore12ResetSetListEN13spiflashstore5StoreE
                0x00000000080019c4       0x24 ../lib-spiflashstore/lib_gd32/libspiflashstore.a(spiflashstore.o)
                0x00000000080019c4                SpiFlashStore::ResetSetList(spiflashstore::Store)
 .text._ZN13SpiFlashStore6UpdateEN13spiflashstore5StoreEjPKvjjj
                0x00000000080019e8       0x70 ../lib-spiflashstore/lib_gd32/libspiflashstore.a(spiflashstore.o)
                0x00000000080019e8                SpiFlashStore::Update(spiflashstore::Store, unsigned int, void const*, unsigned int, unsigned int, unsigned int)
 .text._ZN13SpiFlashStore4CopyEN13spiflashstore5StoreEPvjj
                0x0000000008001a58       0x68 ../lib-spiflashstore/lib_gd32/libspiflashstore.a(spiflashstore.o)
                0x0000000008001a58                SpiFlashStore::Copy(spiflashstore::Store, void*, unsigned int, unsigned int)
 .text._ZN13SpiFlashStore5FlashEv
                0x0000000008001ac0       0x58 ../lib-spiflashstore/lib_gd32/libspiflashstore.a(spiflashstore.o)
                0x0000000008001ac0                SpiFlashStore::Flash()
 .text._ZN12StoreNetworkD2Ev
                0x0000000008001b18        0x6 ../lib-spiflashstore/lib_gd32/libspiflashstore.a(storenetwork.o)
                0x0000000008001b18                StoreNetwork::~StoreNetwork()
                0x0000000008001b18                StoreNetwork::~StoreNetwork()
                0x0000000008001b1a                non-virtual thunk to StoreNetwork::~StoreNetwork()
 *fill*         0x0000000008001b1e        0x2 
 .text._ZN12StoreNetwork6UpdateEPKN13networkparams6ParamsE
                0x0000000008001b20       0x24 ../lib-spiflashstore/lib_gd32/libspiflashstore.a(storenetwork.o)
                0x0000000008001b20                StoreNetwork::Update(networkparams::Params const*)
 .text._ZN12StoreNetwork8SaveDhcpEb
                0x0000000008001b44       0x30 ../lib-spiflashstore/lib_gd32/libspiflashstore.a(storenetwork.o)
                0x0000000008001b44                StoreNetwork::SaveDhcp(bool)
                0x0000000008001b6c                non-virtual thunk to StoreNetwork::SaveDhcp(bool)
 .text._ZN12StoreNetwork13SaveGatewayIpEj
                0x0000000008001b74       0x30 ../lib-spiflashstore/lib_gd32/libspiflashstore.a(storenetwork.o)
                0x0000000008001b74                StoreNetwork::SaveGatewayIp(unsigned int)
                0x0000000008001b9c                non-virtual thunk to StoreNetwork::SaveGatewayIp(unsigned int)
 .text._ZN12StoreNetwork11SaveNetMaskEj
                0x0000000008001ba4       0x2c ../lib-spiflashstore/lib_gd32/libspiflashstore.a(storenetwork.o)
                0x0000000008001ba4                StoreNetwork::SaveNetMask(unsigned int)
                0x0000000008001bc8                non-virtual thunk to StoreNetwork::SaveNetMask(unsigned int)
 .text._ZN12StoreNetwork6SaveIpEj
                0x0000000008001bd0       0x2c ../lib-spiflashstore/lib_gd32/libspiflashstore.a(storenetwork.o)
                0x0000000008001bd0                StoreNetwork::SaveIp(unsigned int)
                0x0000000008001bf4                non-virtual thunk to StoreNetwork::SaveIp(unsigned int)
 .text._ZN12StoreNetwork12SaveHostNameEPKcj
                0x0000000008001bfc       0x30 ../lib-spiflashstore/lib_gd32/libspiflashstore.a(storenetwork.o)
                0x0000000008001bfc                StoreNetwork::SaveHostName(char const*, unsigned int)
                0x0000000008001c24                non-virtual thunk to StoreNetwork::SaveHostName(char const*, unsigned int)
 .text._ZN12StoreNetworkD0Ev
                0x0000000008001c2c       0x12 ../lib-spiflashstore/lib_gd32/libspiflashstore.a(storenetwork.o)
                0x0000000008001c2c                StoreNetwork::~StoreNetwork()
                0x0000000008001c38                non-virtual thunk to StoreNetwork::~StoreNetwork()
 *fill*         0x0000000008001c3e        0x2 
 .text._ZN12StoreNetwork4CopyEPN13networkparams6ParamsE
                0x0000000008001c40       0x1c ../lib-spiflashstore/lib_gd32/libspiflashstore.a(storenetwork.o)
                0x0000000008001c40                StoreNetwork::Copy(networkparams::Params*)
 .text._ZN12StoreNetworkC2Ev
                0x0000000008001c5c       0x18 ../lib-spiflashstore/lib_gd32/libspiflashstore.a(storenetwork.o)
                0x0000000008001c5c                StoreNetwork::StoreNetwork()
                0x0000000008001c5c                StoreNetwork::StoreNetwork()
 .text._ZN17StoreRemoteConfigD2Ev
                0x0000000008001c74        0x2 ../lib-spiflashstore/lib_gd32/libspiflashstore.a(storeremoteconfig.o)
                0x0000000008001c74                StoreRemoteConfig::~StoreRemoteConfig()
                0x0000000008001c74                StoreRemoteConfig::~StoreRemoteConfig()
 *fill*         0x0000000008001c76        0x2 
 .text._ZN17StoreRemoteConfig4CopyEP19TRemoteConfigParams
                0x0000000008001c78       0x20 ../lib-spiflashstore/lib_gd32/libspiflashstore.a(storeremoteconfig.o)
                0x0000000008001c78                StoreRemoteConfig::Copy(TRemoteConfigParams*)
 .text._ZN17StoreRemoteConfig6UpdateEPK19TRemoteConfigParams
                0x0000000008001c98       0x24 ../lib-spiflashstore/lib_gd32/libspiflashstore.a(storeremoteconfig.o)
                0x0000000008001c98                StoreRemoteConfig::Update(TRemoteConfigParams const*)
 .text._ZN17StoreRemoteConfigD0Ev
                0x0000000008001cbc        0xc ../lib-spiflashstore/lib_gd32/libspiflashstore.a(storeremoteconfig.o)
                0x0000000008001cbc                StoreRemoteConfig::~StoreRemoteConfig()
 .text._ZN17StoreRemoteConfigC2Ev
                0x0000000008001cc8       0x14 ../lib-spiflashstore/lib_gd32/libspiflashstore.a(storeremoteconfig.o)
                0x0000000008001cc8                StoreRemoteConfig::StoreRemoteConfig()
                0x0000000008001cc8                StoreRemoteConfig::StoreRemoteConfig()
 .text._ZN12RemoteConfig10HandleListEv
                0x0000000008001cdc       0xd0 ../lib-remoteconfig/lib_gd32/libremoteconfig.a(remoteconfig.o)
                0x0000000008001cdc                RemoteConfig::HandleList()
 .text._ZN12RemoteConfig13HandleTftpGetEv
                0x0000000008001dac       0x50 ../lib-remoteconfig/lib_gd32/libremoteconfig.a(remoteconfig.o)
                0x0000000008001dac                RemoteConfig::HandleTftpGet()
 .text._ZN12RemoteConfig13HandleVersionEv
                0x0000000008001dfc       0x40 ../lib-remoteconfig/lib_gd32/libremoteconfig.a(remoteconfig.o)
                0x0000000008001dfc                RemoteConfig::HandleVersion()
 .text._ZN12RemoteConfig12HandleUptimeEv
                0x0000000008001e3c       0x4c ../lib-remoteconfig/lib_gd32/libremoteconfig.a(remoteconfig.o)
                0x0000000008001e3c                RemoteConfig::HandleUptime()
 .text._ZN7Display10TextStatusEPKc
                0x0000000008001e88       0x76 ../lib-remoteconfig/lib_gd32/libremoteconfig.a(remoteconfig.o)
                0x0000000008001e88                Display::TextStatus(char const*)
 .text._ZN7Display10TextStatusEPKc22Display7SegmentMessagej
                0x0000000008001efe       0x50 ../lib-remoteconfig/lib_gd32/libremoteconfig.a(remoteconfig.o)
                0x0000000008001efe                Display::TextStatus(char const*, Display7SegmentMessage, unsigned int)
 *fill*         0x0000000008001f4e        0x2 
 .text._ZN12RemoteConfig13HandleTftpSetEv
                0x0000000008001f50      0x118 ../lib-remoteconfig/lib_gd32/libremoteconfig.a(remoteconfig.o)
                0x0000000008001f50                RemoteConfig::HandleTftpSet()
 .text._ZN12RemoteConfigC2EN12remoteconfig4NodeENS0_6OutputEj
                0x0000000008002068       0x6c ../lib-remoteconfig/lib_gd32/libremoteconfig.a(remoteconfig.o)
                0x0000000008002068                RemoteConfig::RemoteConfig(remoteconfig::Node, remoteconfig::Output, unsigned int)
                0x0000000008002068                RemoteConfig::RemoteConfig(remoteconfig::Node, remoteconfig::Output, unsigned int)
 .text._ZN12RemoteConfig10SetDisableEb
                0x00000000080020d4       0x40 ../lib-remoteconfig/lib_gd32/libremoteconfig.a(remoteconfig.o)
                0x00000000080020d4                RemoteConfig::SetDisable(bool)
 .text._ZN12RemoteConfig14SetDisplayNameEPKc
                0x0000000008002114       0x30 ../lib-remoteconfig/lib_gd32/libremoteconfig.a(remoteconfig.o)
                0x0000000008002114                RemoteConfig::SetDisplayName(char const*)
 .text._ZN12RemoteConfig3RunEv
                0x0000000008002144      0x118 ../lib-remoteconfig/lib_gd32/libremoteconfig.a(remoteconfig.o)
                0x0000000008002144                RemoteConfig::Run()
 .text._ZN12RemoteConfig8TftpExitEv
                0x000000000800225c       0x14 ../lib-remoteconfig/lib_gd32/libremoteconfig.a(remoteconfig.o)
                0x000000000800225c                RemoteConfig::TftpExit()
 .text._ZN12RemoteConfig13HandleFactoryEv
                0x0000000008002270       0x1c ../lib-remoteconfig/lib_gd32/libremoteconfig.a(remoteconfigfactory.o)
                0x0000000008002270                RemoteConfig::HandleFactory()
 .text._ZN18RemoteConfigParamsC2EP23RemoteConfigParamsStore
                0x000000000800228c       0x14 ../lib-remoteconfig/lib_gd32/libremoteconfig.a(remoteconfigparams.o)
                0x000000000800228c                RemoteConfigParams::RemoteConfigParams(RemoteConfigParamsStore*)
                0x000000000800228c                RemoteConfigParams::RemoteConfigParams(RemoteConfigParamsStore*)
 .text._ZN18RemoteConfigParams4LoadEv
                0x00000000080022a0       0x18 ../lib-remoteconfig/lib_gd32/libremoteconfig.a(remoteconfigparams.o)
                0x00000000080022a0                RemoteConfigParams::Load()
 .text._ZN18RemoteConfigParams3SetEP12RemoteConfig
                0x00000000080022b8       0x40 ../lib-remoteconfig/lib_gd32/libremoteconfig.a(remoteconfigparams.o)
                0x00000000080022b8                RemoteConfigParams::Set(RemoteConfig*)
 .text._ZN12RemoteConfig12HandleRebootEv
                0x00000000080022f8       0xa8 ../lib-remoteconfig/lib_gd32/libremoteconfig.a(remoteconfigreboot.o)
                0x00000000080022f8                RemoteConfig::HandleReboot()
 .text._ZN14TFTPFileServer8FileOpenEPKc8TFTPMode
                0x00000000080023a0        0x4 ../lib-remoteconfig/lib_gd32/libremoteconfig.a(tftpfileserver.o)
                0x00000000080023a0                TFTPFileServer::FileOpen(char const*, TFTPMode)
 .text._ZN14TFTPFileServer8FileReadEPvjj
                0x00000000080023a4        0x4 ../lib-remoteconfig/lib_gd32/libremoteconfig.a(tftpfileserver.o)
                0x00000000080023a4                TFTPFileServer::FileRead(void*, unsigned int, unsigned int)
 .text._ZN14TFTPFileServer4ExitEv
                0x00000000080023a8        0xc ../lib-remoteconfig/lib_gd32/libremoteconfig.a(tftpfileserver.o)
                0x00000000080023a8                TFTPFileServer::Exit()
 .text._ZN14TFTPFileServerD2Ev
                0x00000000080023b4       0x14 ../lib-remoteconfig/lib_gd32/libremoteconfig.a(tftpfileserver.o)
                0x00000000080023b4                TFTPFileServer::~TFTPFileServer()
                0x00000000080023b4                TFTPFileServer::~TFTPFileServer()
 .text._ZN14TFTPFileServerD0Ev
                0x00000000080023c8       0x12 ../lib-remoteconfig/lib_gd32/libremoteconfig.a(tftpfileserver.o)
                0x00000000080023c8                TFTPFileServer::~TFTPFileServer()
 .text._ZN14TFTPFileServer9FileWriteEPKvjj
                0x00000000080023da       0x5a ../lib-remoteconfig/lib_gd32/libremoteconfig.a(tftpfileserver.o)
                0x00000000080023da                TFTPFileServer::FileWrite(void const*, unsigned int, unsigned int)
 .text._ZN14TFTPFileServer9FileCloseEv
                0x0000000008002434       0x34 ../lib-remoteconfig/lib_gd32/libremoteconfig.a(tftpfileserver.o)
                0x0000000008002434                TFTPFileServer::FileClose()
 .text._ZN14TFTPFileServer10FileCreateEPKc8TFTPMode
                0x0000000008002468       0x58 ../lib-remoteconfig/lib_gd32/libremoteconfig.a(tftpfileserver.o)
                0x0000000008002468                TFTPFileServer::FileCreate(char const*, TFTPMode)
 .text._ZN14TFTPFileServerC2EPhj
                0x00000000080024c0       0x28 ../lib-remoteconfig/lib_gd32/libremoteconfig.a(tftpfileserver.o)
                0x00000000080024c0                TFTPFileServer::TFTPFileServer(unsigned char*, unsigned int)
                0x00000000080024c0                TFTPFileServer::TFTPFileServer(unsigned char*, unsigned int)
 .text._ZN14tftpfileserver8is_validEPKv
                0x00000000080024e8        0x4 ../lib-remoteconfig/lib_gd32/libremoteconfig.a(tftpfileserver.o)
                0x00000000080024e8                tftpfileserver::is_valid(void const*)
 .text._ZN15SpiFlashInstallC2Ev
                0x00000000080024ec       0x7c ../lib-spiflashinstall/lib_gd32/libspiflashinstall.a(spiflashinstall.o)
                0x00000000080024ec                SpiFlashInstall::SpiFlashInstall()
                0x00000000080024ec                SpiFlashInstall::SpiFlashInstall()
 .text._ZN15SpiFlashInstall13WriteFirmwareEPKhj
                0x0000000008002568       0xf4 ../lib-spiflashinstall/lib_gd32/libspiflashinstall.a(spiflashinstall.o)
                0x0000000008002568                SpiFlashInstall::WriteFirmware(unsigned char const*, unsigned int)
 .text.spi_flash_get_name
                0x000000000800265c        0x8 ../lib-spiflash/lib_gd32/libspiflash.a(spi_flash.o)
                0x000000000800265c                spi_flash_get_name
 .text.spi_flash_get_size
                0x0000000008002664       0x10 ../lib-spiflash/lib_gd32/libspiflash.a(spi_flash.o)
                0x0000000008002664                spi_flash_get_size
 .text.spi_flash_get_sector_size
                0x0000000008002674        0x6 ../lib-spiflash/lib_gd32/libspiflash.a(spi_flash.o)
                0x0000000008002674                spi_flash_get_sector_size
 .text.spi_flash_probe
                0x000000000800267a        0x4 ../lib-spiflash/lib_gd32/libspiflash.a(spi_flash.o)
                0x000000000800267a                spi_flash_probe
 .text.spi_flash_cmd_read_fast
                0x000000000800267e       0x18 ../lib-spiflash/lib_gd32/libspiflash.a(spi_flash.o)
                0x000000000800267e                spi_flash_cmd_read_fast
 .text.spi_flash_cmd_write_multi
                0x0000000008002696       0x40 ../lib-spiflash/lib_gd32/libspiflash.a(spi_flash.o)
                0x0000000008002696                spi_flash_cmd_write_multi
 .text.spi_flash_cmd_erase
                0x00000000080026d6       0x2c ../lib-spiflash/lib_gd32/libspiflash.a(spi_flash.o)
                0x00000000080026d6                spi_flash_cmd_erase
 *fill*         0x0000000008002702        0x2 
 .text.net_timers_run
                0x0000000008002704       0x20 ../lib-network/lib_gd32/libnetwork.a(net_timers.o)
                0x0000000008002704                net_timers_run
 .text.rfc3927  0x0000000008002724       0x80 ../lib-network/lib_gd32/libnetwork.a(rfc3927.o)
                0x0000000008002724                rfc3927
 .text.memcpy.isra.0
                0x00000000080027a4       0x14 ../lib-network/lib_gd32/libnetwork.a(tcp.o)
 .text.memcpy.isra.0
                0x00000000080027b8       0x14 ../lib-network/lib_gd32/libnetwork.a(udp.o)
 .text.net_memcpy
                0x00000000080027cc       0x3c ../lib-network/lib_gd32/libnetwork.a(udp.o)
                0x00000000080027cc                net_memcpy
 .text.udp_set_ip
                0x0000000008002808       0x40 ../lib-network/lib_gd32/libnetwork.a(udp.o)
                0x0000000008002808                udp_set_ip
 .text.udp_bind
                0x0000000008002848       0x3c ../lib-network/lib_gd32/libnetwork.a(udp.o)
                0x0000000008002848                udp_bind
 .text.udp_unbind
                0x0000000008002884       0x40 ../lib-network/lib_gd32/libnetwork.a(udp.o)
                0x0000000008002884                udp_unbind
 .text.udp_recv
                0x00000000080028c4       0x6c ../lib-network/lib_gd32/libnetwork.a(udp.o)
                0x00000000080028c4                udp_recv
 .text.udp_recv2
                0x0000000008002930       0x4c ../lib-network/lib_gd32/libnetwork.a(udp.o)
                0x0000000008002930                udp_recv2
 .text.udp_send
                0x000000000800297c      0x160 ../lib-network/lib_gd32/libnetwork.a(udp.o)
                0x000000000800297c                udp_send
 .text._ZN10TFTPDaemonC2Ev
                0x0000000008002adc       0x5c ../lib-network/lib_gd32/libnetwork.a(tftpdaemon.o)
                0x0000000008002adc                TFTPDaemon::TFTPDaemon()
                0x0000000008002adc                TFTPDaemon::TFTPDaemon()
 .text._ZN10TFTPDaemonD2Ev
                0x0000000008002b38       0x28 ../lib-network/lib_gd32/libnetwork.a(tftpdaemon.o)
                0x0000000008002b38                TFTPDaemon::~TFTPDaemon()
                0x0000000008002b38                TFTPDaemon::~TFTPDaemon()
 .text._ZN10TFTPDaemon9SendErrorEtPKc
                0x0000000008002b60       0x4a ../lib-network/lib_gd32/libnetwork.a(tftpdaemon.o)
                0x0000000008002b60                TFTPDaemon::SendError(unsigned short, char const*)
 .text._ZN10TFTPDaemon6DoReadEv
                0x0000000008002baa       0x7e ../lib-network/lib_gd32/libnetwork.a(tftpdaemon.o)
                0x0000000008002baa                TFTPDaemon::DoRead()
 .text._ZN10TFTPDaemon13HandleRecvAckEv
                0x0000000008002c28       0x24 ../lib-network/lib_gd32/libnetwork.a(tftpdaemon.o)
                0x0000000008002c28                TFTPDaemon::HandleRecvAck()
 .text._ZN10TFTPDaemon10DoWriteAckEv
                0x0000000008002c4c       0x3a ../lib-network/lib_gd32/libnetwork.a(tftpdaemon.o)
                0x0000000008002c4c                TFTPDaemon::DoWriteAck()
 *fill*         0x0000000008002c86        0x2 
 .text._ZN10TFTPDaemon13HandleRequestEv
                0x0000000008002c88      0x10c ../lib-network/lib_gd32/libnetwork.a(tftpdaemon.o)
                0x0000000008002c88                TFTPDaemon::HandleRequest()
 .text._ZN10TFTPDaemon14HandleRecvDataEv
                0x0000000008002d94       0x68 ../lib-network/lib_gd32/libnetwork.a(tftpdaemon.o)
                0x0000000008002d94                TFTPDaemon::HandleRecvData()
 .text._ZN10TFTPDaemon3RunEv
                0x0000000008002dfc       0xac ../lib-network/lib_gd32/libnetwork.a(tftpdaemon.o)
                0x0000000008002dfc                TFTPDaemon::Run()
 .text.strncpy.constprop.0.isra.0
                0x0000000008002ea8       0x20 ../lib-network/lib_gd32/libnetwork.a(network.o)
 .text._ZN7NetworkC2Ev
                0x0000000008002ec8       0x54 ../lib-network/lib_gd32/libnetwork.a(network.o)
                0x0000000008002ec8                Network::Network()
                0x0000000008002ec8                Network::Network()
 .text._ZN7Network8ShutdownEv
                0x0000000008002f1c       0x10 ../lib-network/lib_gd32/libnetwork.a(network.o)
                0x0000000008002f1c                Network::Shutdown()
 .text._ZN7Network5BeginEt
                0x0000000008002f2c        0x6 ../lib-network/lib_gd32/libnetwork.a(network.o)
                0x0000000008002f2c                Network::Begin(unsigned short)
 .text._ZN7Network3EndEt
                0x0000000008002f32        0x6 ../lib-network/lib_gd32/libnetwork.a(network.o)
                0x0000000008002f32                Network::End(unsigned short)
 .text._ZN7Network16MacAddressCopyToEPh
                0x0000000008002f38       0x16 ../lib-network/lib_gd32/libnetwork.a(network.o)
                0x0000000008002f38                Network::MacAddressCopyTo(unsigned char*)
 .text._ZN7Network12SetDefaultIpEv
                0x0000000008002f4e       0x22 ../lib-network/lib_gd32/libnetwork.a(network.o)
                0x0000000008002f4e                Network::SetDefaultIp()
 .text._ZN7Network4InitEP18NetworkParamsStore
                0x0000000008002f70      0x28c ../lib-network/lib_gd32/libnetwork.a(network.o)
                0x0000000008002f70                Network::Init(NetworkParamsStore*)
 .text._ZN7Network5PrintEv
                0x00000000080031fc       0xf8 ../lib-network/lib_gd32/libnetwork.a(network.o)
                0x00000000080031fc                Network::Print()
 .text._ZN13NetworkParamsC2EP18NetworkParamsStore
                0x00000000080032f4       0x18 ../lib-network/lib_gd32/libnetwork.a(networkparams.o)
                0x00000000080032f4                NetworkParams::NetworkParams(NetworkParamsStore*)
                0x00000000080032f4                NetworkParams::NetworkParams(NetworkParamsStore*)
 .text._ZN13NetworkParams4LoadEv
                0x000000000800330c       0x18 ../lib-network/lib_gd32/libnetwork.a(networkparams.o)
                0x000000000800330c                NetworkParams::Load()
 .text._ZN13NetworkParams4DumpEv
                0x0000000008003324        0x2 ../lib-network/lib_gd32/libnetwork.a(networkparamsdump.o)
                0x0000000008003324                NetworkParams::Dump()
 .text.memcpy.isra.0
                0x0000000008003326       0x14 ../lib-network/lib_gd32/libnetwork.a(arp.o)
 *fill*         0x000000000800333a        0x2 
 .text.arp_announce
                0x000000000800333c       0x14 ../lib-network/lib_gd32/libnetwork.a(arp.o)
                0x000000000800333c                arp_announce
 .text.arp_handle_request
                0x0000000008003350       0x50 ../lib-network/lib_gd32/libnetwork.a(arp.o)
                0x0000000008003350                arp_handle_request
 .text.arp_handle_reply
                0x00000000080033a0        0x8 ../lib-network/lib_gd32/libnetwork.a(arp.o)
                0x00000000080033a0                arp_handle_reply
 .text.arp_send_request
                0x00000000080033a8       0x14 ../lib-network/lib_gd32/libnetwork.a(arp.o)
                0x00000000080033a8                arp_send_request
 .text.arp_cache_update
                0x00000000080033bc       0x50 ../lib-network/lib_gd32/libnetwork.a(arp_cache.o)
                0x00000000080033bc                arp_cache_update
 .text.arp_cache_lookup
                0x000000000800340c       0x9c ../lib-network/lib_gd32/libnetwork.a(arp_cache.o)
                0x000000000800340c                arp_cache_lookup
 .text._parse_response
                0x00000000080034a8      0x168 ../lib-network/lib_gd32/libnetwork.a(dhcp.o)
 .text.memcpy.isra.0
                0x0000000008003610       0x14 ../lib-network/lib_gd32/libnetwork.a(dhcp.o)
 .text.dhcp_client
                0x0000000008003624      0x210 ../lib-network/lib_gd32/libnetwork.a(dhcp.o)
                0x0000000008003624                dhcp_client
 .text.dhcp_client_release
                0x0000000008003834       0x5c ../lib-network/lib_gd32/libnetwork.a(dhcp.o)
                0x0000000008003834                dhcp_client_release
 .text.memcpy.isra.0
                0x0000000008003890       0x14 ../lib-network/lib_gd32/libnetwork.a(igmp.o)
 .text._send_report
                0x00000000080038a4       0x80 ../lib-network/lib_gd32/libnetwork.a(igmp.o)
 .text.igmp_set_ip
                0x0000000008003924       0x2c ../lib-network/lib_gd32/libnetwork.a(igmp.o)
                0x0000000008003924                igmp_set_ip
 .text.igmp_timer
                0x0000000008003950       0x34 ../lib-network/lib_gd32/libnetwork.a(igmp.o)
                0x0000000008003950                igmp_timer
 .text.igmp_leave
                0x0000000008003984       0x6c ../lib-network/lib_gd32/libnetwork.a(igmp.o)
                0x0000000008003984                igmp_leave
 .text.ip_set_ip
                0x00000000080039f0       0x12 ../lib-network/lib_gd32/libnetwork.a(ip.o)
                0x00000000080039f0                ip_set_ip
 .text.net_chksum
                0x0000000008003a02       0x32 ../lib-network/lib_gd32/libnetwork.a(net_chksum.o)
                0x0000000008003a02                net_chksum
 .text.memcpy.isra.0
                0x0000000008003a34       0x14 ../lib-network/lib_gd32/libnetwork.a(icmp.o)
 .text.console_putc
                0x0000000008003a48        0x4 ../lib-hal/lib_gd32/libhal.a(console_uart0.o)
                0x0000000008003a48                console_putc
 .text.console_puts
                0x0000000008003a4c        0x4 ../lib-hal/lib_gd32/libhal.a(console_uart0.o)
                0x0000000008003a4c                console_puts
 .text.console_set_fg_color
                0x0000000008003a50       0x44 ../lib-hal/lib_gd32/libhal.a(console_uart0.o)
                0x0000000008003a50                console_set_fg_color
 .text.console_error
                0x0000000008003a94       0x24 ../lib-hal/lib_gd32/libhal.a(console_uart0.o)
                0x0000000008003a94                console_error
 .text.console_status
                0x0000000008003ab8       0x30 ../lib-hal/lib_gd32/libhal.a(console_uart0.o)
                0x0000000008003ab8                console_status
 .text._ZN15FirmwareVersionC2EPKcS1_S1_
                0x0000000008003ae8       0x70 ../lib-hal/lib_gd32/libhal.a(firmwareversion.o)
                0x0000000008003ae8                FirmwareVersion::FirmwareVersion(char const*, char const*, char const*)
                0x0000000008003ae8                FirmwareVersion::FirmwareVersion(char const*, char const*, char const*)
 .text._ZN15FirmwareVersion5PrintEPKc
                0x0000000008003b58       0x1c ../lib-hal/lib_gd32/libhal.a(firmwareversion.o)
                0x0000000008003b58                FirmwareVersion::Print(char const*)
 .text._ZN8LedBlinkC2Ev
                0x0000000008003b74       0x44 ../lib-hal/lib_gd32/libhal.a(ledblink.o)
                0x0000000008003b74                LedBlink::LedBlink()
                0x0000000008003b74                LedBlink::LedBlink()
 .text._ZN8LedBlink7SetModeEN8ledblink4ModeE
                0x0000000008003bb8       0x68 ../lib-hal/lib_gd32/libhal.a(ledblink.o)
                0x0000000008003bb8                LedBlink::SetMode(ledblink::Mode)
 .text._ZN8HardwareC2Ev
                0x0000000008003c20       0xa0 ../lib-hal/lib_gd32/libhal.a(hardware.o)
                0x0000000008003c20                Hardware::Hardware()
                0x0000000008003c20                Hardware::Hardware()
 .text._ZN8Hardware6RebootEv
                0x0000000008003cc0       0x78 ../lib-hal/lib_gd32/libhal.a(hardware.o)
                0x0000000008003cc0                Hardware::Reboot()
 .text._ZdlPv   0x0000000008003d38        0x4 ../lib-c++/lib_gd32/libc++.a(delete.o)
                0x0000000008003d38                operator delete(void*)
 .text._ZdaPv   0x0000000008003d3c        0x4 ../lib-c++/lib_gd32/libc++.a(delete.o)
                0x0000000008003d3c                operator delete[](void*)
 .text._Znwj    0x0000000008003d40        0x4 ../lib-c++/lib_gd32/libc++.a(new.o)
                0x0000000008003d40                operator new(unsigned int)
 .text._Znaj    0x0000000008003d44        0x4 ../lib-c++/lib_gd32/libc++.a(new.o)
                0x0000000008003d44                operator new[](unsigned int)
 .text.malloc   0x0000000008003d48       0x5c ../lib-c/lib_gd32/libc.a(malloc.o)
                0x0000000008003d48                malloc
 .text.free     0x0000000008003da4       0x34 ../lib-c/lib_gd32/libc.a(malloc.o)
                0x0000000008003da4                free
 .text.memmove  0x0000000008003dd8       0x2e ../lib-c/lib_gd32/libc.a(memmove.o)
                0x0000000008003dd8                memmove
 .text.memset   0x0000000008003e06       0x42 ../lib-c/lib_gd32/libc.a(memset.o)
                0x0000000008003e06                memset
 .text.puts     0x0000000008003e48       0x10 ../lib-c/lib_gd32/libc.a(puts.o)
                0x0000000008003e48                puts
 .text.isleapyear
                0x0000000008003e58       0x2c ../lib-c/lib_gd32/libc.a(time.o)
 .text.getdaysofmonth
                0x0000000008003e84       0x20 ../lib-c/lib_gd32/libc.a(time.o)
 .text.mktime   0x0000000008003ea4       0x98 ../lib-c/lib_gd32/libc.a(time.o)
                0x0000000008003ea4                mktime
 .text.gettimeofday
                0x0000000008003f3c       0x54 ../lib-c/lib_gd32/libc.a(time.o)
                0x0000000008003f3c                gettimeofday
 .text.settimeofday
                0x0000000008003f90       0x30 ../lib-c/lib_gd32/libc.a(time.o)
                0x0000000008003f90                settimeofday
 .text.time     0x0000000008003fc0       0x16 ../lib-c/lib_gd32/libc.a(time.o)
                0x0000000008003fc0                time
 *fill*         0x0000000008003fd6        0x2 
 .text.uart0_init
                0x0000000008003fd8       0x20 ../lib-gd32/lib_gd32/libgd32.a(gd32_uart0.o)
                0x0000000008003fd8                uart0_init
 .text.uart0_putc
                0x0000000008003ff8       0x40 ../lib-gd32/lib_gd32/libgd32.a(gd32_uart0.o)
                0x0000000008003ff8                uart0_putc
 .text.uart0_puts
                0x0000000008004038       0x1e ../lib-gd32/lib_gd32/libgd32.a(gd32_uart0.o)
                0x0000000008004038                uart0_puts
 *fill*         0x0000000008004056        0x2 
 .text.systick_config
                0x0000000008004058       0x3c ../lib-gd32/lib_gd32/libgd32.a(systick.o)
                0x0000000008004058                systick_config
 .text.SysTick_Handler
                0x0000000008004094       0x10 ../lib-gd32/lib_gd32/libgd32.a(systick.o)
                0x0000000008004094                SysTick_Handler
 .text.SystemInit
                0x00000000080040a4       0xfc ../lib-gd32/lib_gd32/libgd32.a(system_gd32f20x.o)
                0x00000000080040a4                SystemInit
 .text.bkp_data_write
                0x00000000080041a0       0x2c ../lib-gd32/lib_gd32/libgd32.a(gd32f20x_bkp.o)
                0x00000000080041a0                bkp_data_write
 .text.bkp_data_read
                0x00000000080041cc       0x30 ../lib-gd32/lib_gd32/libgd32.a(gd32f20x_bkp.o)
                0x00000000080041cc                bkp_data_read
 .text.fmc_bank0_unlock
                0x00000000080041fc       0x1c ../lib-gd32/lib_gd32/libgd32.a(gd32f20x_fmc.o)
                0x00000000080041fc                fmc_bank0_unlock
 .text.fmc_bank0_lock
                0x0000000008004218       0x10 ../lib-gd32/lib_gd32/libgd32.a(gd32f20x_fmc.o)
                0x0000000008004218                fmc_bank0_lock
 .text.fmc_bank0_state_get
                0x0000000008004228       0x24 ../lib-gd32/lib_gd32/libgd32.a(gd32f20x_fmc.o)
                0x0000000008004228                fmc_bank0_state_get
 .text.fmc_bank1_state_get
                0x000000000800424c       0x24 ../lib-gd32/lib_gd32/libgd32.a(gd32f20x_fmc.o)
                0x000000000800424c                fmc_bank1_state_get
 .text.fmc_bank0_ready_wait
                0x0000000008004270       0x18 ../lib-gd32/lib_gd32/libgd32.a(gd32f20x_fmc.o)
                0x0000000008004270                fmc_bank0_ready_wait
 .text.fmc_bank1_ready_wait
                0x0000000008004288       0x18 ../lib-gd32/lib_gd32/libgd32.a(gd32f20x_fmc.o)
                0x0000000008004288                fmc_bank1_ready_wait
 .text.fmc_page_erase
                0x00000000080042a0       0x8c ../lib-gd32/lib_gd32/libgd32.a(gd32f20x_fmc.o)
                0x00000000080042a0                fmc_page_erase
 .text.fmc_word_program
                0x000000000800432c       0x78 ../lib-gd32/lib_gd32/libgd32.a(gd32f20x_fmc.o)
                0x000000000800432c                fmc_word_program
 .text.fwdgt_enable
                0x00000000080043a4       0x10 ../lib-gd32/lib_gd32/libgd32.a(gd32f20x_fwdgt.o)
                0x00000000080043a4                fwdgt_enable
 .text.fwdgt_counter_reload
                0x00000000080043b4       0x10 ../lib-gd32/lib_gd32/libgd32.a(gd32f20x_fwdgt.o)
                0x00000000080043b4                fwdgt_counter_reload
 .text.fwdgt_config
                0x00000000080043c4       0x54 ../lib-gd32/lib_gd32/libgd32.a(gd32f20x_fwdgt.o)
                0x00000000080043c4                fwdgt_config
 .text.gpio_init
                0x0000000008004418       0xa8 ../lib-gd32/lib_gd32/libgd32.a(gd32f20x_gpio.o)
                0x0000000008004418                gpio_init
 .text.gpio_input_bit_get
                0x00000000080044c0        0xc ../lib-gd32/lib_gd32/libgd32.a(gd32f20x_gpio.o)
                0x00000000080044c0                gpio_input_bit_get
 .text.gpio_pin_remap_config
                0x00000000080044cc       0x60 ../lib-gd32/lib_gd32/libgd32.a(gd32f20x_gpio.o)
                0x00000000080044cc                gpio_pin_remap_config
 .text.gpio_ethernet_phy_select
                0x000000000800452c       0x18 ../lib-gd32/lib_gd32/libgd32.a(gd32f20x_gpio.o)
                0x000000000800452c                gpio_ethernet_phy_select
 .text.pmu_backup_write_enable
                0x0000000008004544       0x10 ../lib-gd32/lib_gd32/libgd32.a(gd32f20x_pmu.o)
                0x0000000008004544                pmu_backup_write_enable
 .text.rcu_periph_clock_enable
                0x0000000008004554       0x1a ../lib-gd32/lib_gd32/libgd32.a(gd32f20x_rcu.o)
                0x0000000008004554                rcu_periph_clock_enable
 .text.rcu_periph_clock_disable
                0x000000000800456e       0x1c ../lib-gd32/lib_gd32/libgd32.a(gd32f20x_rcu.o)
                0x000000000800456e                rcu_periph_clock_disable
 .text.rcu_periph_reset_enable
                0x000000000800458a        0x4 ../lib-gd32/lib_gd32/libgd32.a(gd32f20x_rcu.o)
                0x000000000800458a                rcu_periph_reset_enable
 .text.rcu_periph_reset_disable
                0x000000000800458e        0x4 ../lib-gd32/lib_gd32/libgd32.a(gd32f20x_rcu.o)
                0x000000000800458e                rcu_periph_reset_disable
 *fill*         0x0000000008004592        0x2 
 .text.rcu_ckout0_config
                0x0000000008004594       0x20 ../lib-gd32/lib_gd32/libgd32.a(gd32f20x_rcu.o)
                0x0000000008004594                rcu_ckout0_config
 .text.rcu_pll2_config
                0x00000000080045b4       0x18 ../lib-gd32/lib_gd32/libgd32.a(gd32f20x_rcu.o)
                0x00000000080045b4                rcu_pll2_config
 .text.rcu_adc_clock_config
                0x00000000080045cc       0x3c ../lib-gd32/lib_gd32/libgd32.a(gd32f20x_rcu.o)
                0x00000000080045cc                rcu_adc_clock_config
 .text.rcu_flag_get
                0x0000000008004608       0x1e ../lib-gd32/lib_gd32/libgd32.a(gd32f20x_rcu.o)
                0x0000000008004608                rcu_flag_get
 *fill*         0x0000000008004626        0x2 
 .text.rcu_osci_stab_wait
                0x0000000008004628       0xe0 ../lib-gd32/lib_gd32/libgd32.a(gd32f20x_rcu.o)
                0x0000000008004628                rcu_osci_stab_wait
 .text.rcu_osci_on
                0x0000000008004708        0x4 ../lib-gd32/lib_gd32/libgd32.a(gd32f20x_rcu.o)
                0x0000000008004708                rcu_osci_on
 .text.rcu_clock_freq_get
                0x000000000800470c      0x110 ../lib-gd32/lib_gd32/libgd32.a(gd32f20x_rcu.o)
                0x000000000800470c                rcu_clock_freq_get
 .text.timer_deinit
                0x000000000800481c      0x14c ../lib-gd32/lib_gd32/libgd32.a(gd32f20x_timer.o)
                0x000000000800481c                timer_deinit
 .text.timer_init
                0x0000000008004968       0xb0 ../lib-gd32/lib_gd32/libgd32.a(gd32f20x_timer.o)
                0x0000000008004968                timer_init
 .text.timer_enable
                0x0000000008004a18        0xa ../lib-gd32/lib_gd32/libgd32.a(gd32f20x_timer.o)
                0x0000000008004a18                timer_enable
 .text.timer_input_trigger_source_select
                0x0000000008004a22       0x10 ../lib-gd32/lib_gd32/libgd32.a(gd32f20x_timer.o)
                0x0000000008004a22                timer_input_trigger_source_select
 .text.timer_master_output_trigger_source_select
                0x0000000008004a32       0x10 ../lib-gd32/lib_gd32/libgd32.a(gd32f20x_timer.o)
                0x0000000008004a32                timer_master_output_trigger_source_select
 .text.timer_slave_mode_select
                0x0000000008004a42       0x10 ../lib-gd32/lib_gd32/libgd32.a(gd32f20x_timer.o)
                0x0000000008004a42                timer_slave_mode_select
 .text.timer_master_slave_mode_config
                0x0000000008004a52       0x1a ../lib-gd32/lib_gd32/libgd32.a(gd32f20x_timer.o)
                0x0000000008004a52                timer_master_slave_mode_config
 .text.usart_deinit
                0x0000000008004a6c       0xc4 ../lib-gd32/lib_gd32/libgd32.a(gd32f20x_usart.o)
                0x0000000008004a6c                usart_deinit
 .text.usart_baudrate_set
                0x0000000008004b30       0x68 ../lib-gd32/lib_gd32/libgd32.a(gd32f20x_usart.o)
                0x0000000008004b30                usart_baudrate_set
 .text.usart_parity_config
                0x0000000008004b98       0x10 ../lib-gd32/lib_gd32/libgd32.a(gd32f20x_usart.o)
                0x0000000008004b98                usart_parity_config
 .text.usart_word_length_set
                0x0000000008004ba8       0x10 ../lib-gd32/lib_gd32/libgd32.a(gd32f20x_usart.o)
                0x0000000008004ba8                usart_word_length_set
 .text.usart_stop_bit_set
                0x0000000008004bb8       0x10 ../lib-gd32/lib_gd32/libgd32.a(gd32f20x_usart.o)
                0x0000000008004bb8                usart_stop_bit_set
 .text.usart_transmit_config
                0x0000000008004bc8        0xc ../lib-gd32/lib_gd32/libgd32.a(gd32f20x_usart.o)
                0x0000000008004bc8                usart_transmit_config
 .text.usart_receive_config
                0x0000000008004bd4        0xc ../lib-gd32/lib_gd32/libgd32.a(gd32f20x_usart.o)
                0x0000000008004bd4                usart_receive_config
 .text.usart_hardware_flow_rts_config
                0x0000000008004be0        0xc ../lib-gd32/lib_gd32/libgd32.a(gd32f20x_usart.o)
                0x0000000008004be0                usart_hardware_flow_rts_config
 .text.usart_hardware_flow_cts_config
                0x0000000008004bec        0xc ../lib-gd32/lib_gd32/libgd32.a(gd32f20x_usart.o)
                0x0000000008004bec                usart_hardware_flow_cts_config
 .text.usart_flag_get
                0x0000000008004bf8       0x16 ../lib-gd32/lib_gd32/libgd32.a(gd32f20x_usart.o)
                0x0000000008004bf8                usart_flag_get
 *fill*         0x0000000008004c0e        0x2 
 .text.emac_eth_recv
                0x0000000008004c10       0x28 ../lib-gd32/lib_gd32/libgd32.a(net.o)
                0x0000000008004c10                emac_eth_recv
 .text.emac_free_pkt
                0x0000000008004c38        0x8 ../lib-gd32/lib_gd32/libgd32.a(net.o)
                0x0000000008004c38                emac_free_pkt
 .text.emac_eth_send
                0x0000000008004c40        0x4 ../lib-gd32/lib_gd32/libgd32.a(net.o)
                0x0000000008004c40                emac_eth_send
 .text._Z13gd32_adc_initv
                0x0000000008004c44       0x90 ../lib-gd32/lib_gd32/libgd32.a(gd32_adc.o)
                0x0000000008004c44                gd32_adc_init()
 .text._ZL5_stopv.isra.0
                0x0000000008004cd4       0x24 ../lib-gd32/lib_gd32/libgd32.a(gd32_i2c.o)
 .text.gd32_i2c_begin
                0x0000000008004cf8       0x68 ../lib-gd32/lib_gd32/libgd32.a(gd32_i2c.o)
                0x0000000008004cf8                gd32_i2c_begin
 .text.gd32_i2c_set_baudrate
                0x0000000008004d60       0x10 ../lib-gd32/lib_gd32/libgd32.a(gd32_i2c.o)
                0x0000000008004d60                gd32_i2c_set_baudrate
 .text.gd32_i2c_set_address
                0x0000000008004d70        0xc ../lib-gd32/lib_gd32/libgd32.a(gd32_i2c.o)
                0x0000000008004d70                gd32_i2c_set_address
 .text.gd32_i2c_write
                0x0000000008004d7c       0xcc ../lib-gd32/lib_gd32/libgd32.a(gd32_i2c.o)
                0x0000000008004d7c                gd32_i2c_write
 .text.gd32_i2c_read
                0x0000000008004e48      0x148 ../lib-gd32/lib_gd32/libgd32.a(gd32_i2c.o)
                0x0000000008004e48                gd32_i2c_read
 .text.gd32_uart_begin
                0x0000000008004f90      0x224 ../lib-gd32/lib_gd32/libgd32.a(gd32_uart.o)
                0x0000000008004f90                gd32_uart_begin
 .text._Z11micros_initv
                0x00000000080051b4       0x9c ../lib-gd32/lib_gd32/libgd32.a(micros.o)
                0x00000000080051b4                micros_init()
 .text._Z11udelay_initv
                0x0000000008005250       0x28 ../lib-gd32/lib_gd32/libgd32.a(udelay.o)
                0x0000000008005250                udelay_init()
 .text._Z6udelayjj
                0x0000000008005278       0x30 ../lib-gd32/lib_gd32/libgd32.a(udelay.o)
                0x0000000008005278                udelay(unsigned int, unsigned int)
 .text._Z10emac_startPh
                0x00000000080052a8      0x144 ../lib-gd32/lib_gd32/libgd32.a(emac.o)
                0x00000000080052a8                emac_start(unsigned char*)
 .text._ZN3net18link_register_readEv
                0x00000000080053ec       0x22 ../lib-gd32/lib_gd32/libgd32.a(net_link_check.o)
                0x00000000080053ec                net::link_register_read()
 *fill*         0x000000000800540e        0x2 
 .text.adc_mode_config
                0x0000000008005410       0x20 ../lib-gd32/lib_gd32/libgd32.a(gd32f20x_adc.o)
                0x0000000008005410                adc_mode_config
 .text.adc_special_function_config
                0x0000000008005430       0x50 ../lib-gd32/lib_gd32/libgd32.a(gd32f20x_adc.o)
                0x0000000008005430                adc_special_function_config
 .text.adc_data_alignment_config
                0x0000000008005480       0x12 ../lib-gd32/lib_gd32/libgd32.a(gd32f20x_adc.o)
                0x0000000008005480                adc_data_alignment_config
 .text.adc_enable
                0x0000000008005492       0x10 ../lib-gd32/lib_gd32/libgd32.a(gd32f20x_adc.o)
                0x0000000008005492                adc_enable
 .text.adc_calibration_enable
                0x00000000080054a2       0x22 ../lib-gd32/lib_gd32/libgd32.a(gd32f20x_adc.o)
                0x00000000080054a2                adc_calibration_enable
 .text.adc_tempsensor_vrefint_enable
                0x00000000080054c4       0x14 ../lib-gd32/lib_gd32/libgd32.a(gd32f20x_adc.o)
                0x00000000080054c4                adc_tempsensor_vrefint_enable
 .text.adc_channel_length_config
                0x00000000080054d8       0x3a ../lib-gd32/lib_gd32/libgd32.a(gd32f20x_adc.o)
                0x00000000080054d8                adc_channel_length_config
 .text.adc_inserted_channel_config
                0x0000000008005512       0x5c ../lib-gd32/lib_gd32/libgd32.a(gd32f20x_adc.o)
                0x0000000008005512                adc_inserted_channel_config
 .text.adc_external_trigger_source_config
                0x000000000800556e       0x22 ../lib-gd32/lib_gd32/libgd32.a(gd32f20x_adc.o)
                0x000000000800556e                adc_external_trigger_source_config
 .text.adc_external_trigger_config
                0x0000000008005590       0x36 ../lib-gd32/lib_gd32/libgd32.a(gd32f20x_adc.o)
                0x0000000008005590                adc_external_trigger_config
 .text.adc_software_trigger_enable
                0x00000000080055c6       0x1a ../lib-gd32/lib_gd32/libgd32.a(gd32f20x_adc.o)
                0x00000000080055c6                adc_software_trigger_enable
 .text.enet_delay
                0x00000000080055e0       0x18 ../lib-gd32/lib_gd32/libgd32.a(gd32f20x_enet.o)
 .text.enet_software_reset
                0x00000000080055f8       0x28 ../lib-gd32/lib_gd32/libgd32.a(gd32f20x_enet.o)
                0x00000000080055f8                enet_software_reset
 .text.enet_descriptors_chain_init
                0x0000000008005620       0x88 ../lib-gd32/lib_gd32/libgd32.a(gd32f20x_enet.o)
                0x0000000008005620                enet_descriptors_chain_init
 .text.enet_frame_receive
                0x00000000080056a8       0x80 ../lib-gd32/lib_gd32/libgd32.a(gd32f20x_enet.o)
                0x00000000080056a8                enet_frame_receive
 .text.enet_frame_transmit
                0x0000000008005728       0x84 ../lib-gd32/lib_gd32/libgd32.a(gd32f20x_enet.o)
                0x0000000008005728                enet_frame_transmit
 .text.enet_transmit_checksum_config
                0x00000000080057ac        0xc ../lib-gd32/lib_gd32/libgd32.a(gd32f20x_enet.o)
                0x00000000080057ac                enet_transmit_checksum_config
 .text.enet_mac_address_set
                0x00000000080057b8       0x14 ../lib-gd32/lib_gd32/libgd32.a(gd32f20x_enet.o)
                0x00000000080057b8                enet_mac_address_set
 .text.enet_rx_enable
                0x00000000080057cc       0x1c ../lib-gd32/lib_gd32/libgd32.a(gd32f20x_enet.o)
                0x00000000080057cc                enet_rx_enable
 .text.enet_phy_write_read
                0x00000000080057e8       0x5c ../lib-gd32/lib_gd32/libgd32.a(gd32f20x_enet.o)
                0x00000000080057e8                enet_phy_write_read
 .text.enet_phy_config
                0x0000000008005844       0xb4 ../lib-gd32/lib_gd32/libgd32.a(gd32f20x_enet.o)
                0x0000000008005844                enet_phy_config
 .text.enet_init
                0x00000000080058f8      0x2e4 ../lib-gd32/lib_gd32/libgd32.a(gd32f20x_enet.o)
                0x00000000080058f8                enet_init
 .text.enet_txfifo_flush
                0x0000000008005bdc       0x24 ../lib-gd32/lib_gd32/libgd32.a(gd32f20x_enet.o)
                0x0000000008005bdc                enet_txfifo_flush
 .text.enet_tx_enable
                0x0000000008005c00       0x24 ../lib-gd32/lib_gd32/libgd32.a(gd32f20x_enet.o)
                0x0000000008005c00                enet_tx_enable
 .text.enet_enable
                0x0000000008005c24        0xe ../lib-gd32/lib_gd32/libgd32.a(gd32f20x_enet.o)
                0x0000000008005c24                enet_enable
 .text.enet_desc_information_get
                0x0000000008005c32       0x3e ../lib-gd32/lib_gd32/libgd32.a(gd32f20x_enet.o)
                0x0000000008005c32                enet_desc_information_get
 .text.enet_rxframe_drop
                0x0000000008005c70       0x64 ../lib-gd32/lib_gd32/libgd32.a(gd32f20x_enet.o)
                0x0000000008005c70                enet_rxframe_drop
 .text.enet_rxframe_size_get
                0x0000000008005cd4       0x38 ../lib-gd32/lib_gd32/libgd32.a(gd32f20x_enet.o)
                0x0000000008005cd4                enet_rxframe_size_get
 .text.enet_initpara_reset
                0x0000000008005d0c       0x28 ../lib-gd32/lib_gd32/libgd32.a(gd32f20x_enet.o)
                0x0000000008005d0c                enet_initpara_reset
 .text.enet_deinit
                0x0000000008005d34       0x1a ../lib-gd32/lib_gd32/libgd32.a(gd32f20x_enet.o)
                0x0000000008005d34                enet_deinit
 *fill*         0x0000000008005d4e        0x2 
 .text.i2c_clock_config
                0x0000000008005d50       0xc4 ../lib-gd32/lib_gd32/libgd32.a(gd32f20x_i2c.o)
                0x0000000008005d50                i2c_clock_config
 .text.i2c_ack_config
                0x0000000008005e14       0x12 ../lib-gd32/lib_gd32/libgd32.a(gd32f20x_i2c.o)
                0x0000000008005e14                i2c_ack_config
 .text.i2c_ackpos_config
                0x0000000008005e26       0x12 ../lib-gd32/lib_gd32/libgd32.a(gd32f20x_i2c.o)
                0x0000000008005e26                i2c_ackpos_config
 .text.i2c_master_addressing
                0x0000000008005e38       0x10 ../lib-gd32/lib_gd32/libgd32.a(gd32f20x_i2c.o)
                0x0000000008005e38                i2c_master_addressing
 .text.i2c_enable
                0x0000000008005e48        0xa ../lib-gd32/lib_gd32/libgd32.a(gd32f20x_i2c.o)
                0x0000000008005e48                i2c_enable
 .text.i2c_start_on_bus
                0x0000000008005e52        0xa ../lib-gd32/lib_gd32/libgd32.a(gd32f20x_i2c.o)
                0x0000000008005e52                i2c_start_on_bus
 .text.i2c_stop_on_bus
                0x0000000008005e5c        0xa ../lib-gd32/lib_gd32/libgd32.a(gd32f20x_i2c.o)
                0x0000000008005e5c                i2c_stop_on_bus
 .text.i2c_data_transmit
                0x0000000008005e66        0x4 ../lib-gd32/lib_gd32/libgd32.a(gd32f20x_i2c.o)
                0x0000000008005e66                i2c_data_transmit
 .text.i2c_data_receive
                0x0000000008005e6a        0x6 ../lib-gd32/lib_gd32/libgd32.a(gd32f20x_i2c.o)
                0x0000000008005e6a                i2c_data_receive
 .text.i2c_flag_get
                0x0000000008005e70       0x16 ../lib-gd32/lib_gd32/libgd32.a(gd32f20x_i2c.o)
                0x0000000008005e70                i2c_flag_get
 .text.i2c_flag_clear
                0x0000000008005e86       0x24 ../lib-gd32/lib_gd32/libgd32.a(gd32f20x_i2c.o)
                0x0000000008005e86                i2c_flag_clear
 *fill*         0x0000000008005eaa        0x2 
 .text._Z15mac_address_getPh
                0x0000000008005eac       0x24 ../lib-gd32/lib_gd32/libgd32.a(mac_address.o)
                0x0000000008005eac                mac_address_get(unsigned char*)
 *(.glue_7)
 .glue_7        0x0000000008005ed0        0x0 linker stubs
 *(.glue_7t)
 .glue_7t       0x0000000008005ed0        0x0 linker stubs
 *(.eh_frame)
 *(.init)
 *(.fini)
                0x0000000008005ed0                . = ALIGN (0x4)
                0x0000000008005ed0                _etext = .

.vfp11_veneer   0x0000000008005ed0        0x0
 .vfp11_veneer  0x0000000008005ed0        0x0 linker stubs

.v4_bx          0x0000000008005ed0        0x0
 .v4_bx         0x0000000008005ed0        0x0 linker stubs

.iplt           0x0000000008005ed0        0x0
 .iplt          0x0000000008005ed0        0x0 build_gd32/startup_gd32f20x_cl.o

.rodata         0x0000000008005ed0      0xb14
                0x0000000008005ed0                . = ALIGN (0x4)
 *(.rodata)
 .rodata        0x0000000008005ed0       0x18 ../lib-gd32/lib_gd32/libgd32.a(gd32f20x_rcu.o)
 *(.rodata*)
 .rodata.main.str1.1
                0x0000000008005ee8       0x41 build_gd32/firmware/main.o
 .rodata._ZL16SOFTWARE_VERSION
                0x0000000008005f29        0x4 build_gd32/firmware/main.o
 .rodata._ZN14NetworkDisplay13ShowEmacStartEv.str1.1
                0x0000000008005f2d        0xf build_gd32/lib/networkdisplay.o
 .rodata._ZN14NetworkDisplay6ShowIpEv.str1.1
                0x0000000008005f3c       0x12 build_gd32/lib/networkdisplay.o
 .rodata._ZN14NetworkDisplay12ShowShutdownEv.str1.1
                0x0000000008005f4e       0x12 build_gd32/lib/networkdisplay.o
 .rodata._ZN14NetworkDisplay14ShowDhcpStatusEN7network4dhcp12ClientStatusE.str1.1
                0x0000000008005f60       0x2e build_gd32/lib/networkdisplay.o
 .rodata._ZN7Display9PrintInfoEv.isra.0.str1.1
                0x0000000008005f8e       0x11 ../lib-display/lib_gd32/libdisplay.a(display.o)
 .rodata._ZN7Display6DetectEj.str1.1
                0x0000000008005f9f        0x8 ../lib-display/lib_gd32/libdisplay.a(display.o)
 .rodata._ZN7Ssd13069PrintInfoEv.str1.1
                0x0000000008005fa7       0x13 ../lib-display/lib_gd32/libdisplay.a(ssd1306.o)
                                         0x1b (size before relaxing)
 .rodata._ZN7Ssd130611CheckSH1106Ev.str1.1
                0x0000000008005fba        0x6 ../lib-display/lib_gd32/libdisplay.a(ssd1306.o)
 .rodata._ZL12_OledFont8x6
                0x0000000008005fc0      0x2a0 ../lib-display/lib_gd32/libdisplay.a(ssd1306.o)
 .rodata._ZL16oled_128x32_init
                0x0000000008006260       0x18 ../lib-display/lib_gd32/libdisplay.a(ssd1306.o)
 .rodata._ZL16oled_128x64_init
                0x0000000008006278       0x18 ../lib-display/lib_gd32/libdisplay.a(ssd1306.o)
 .rodata._ZTV7Ssd1306
                0x0000000008006290       0x40 ../lib-display/lib_gd32/libdisplay.a(ssd1306.o)
                0x0000000008006290                vtable for Ssd1306
 .rodata._ZN13SpiFlashStoreC2Ev.str1.1
                0x00000000080062d0       0x30 ../lib-spiflashstore/lib_gd32/libspiflashstore.a(spiflashstore.o)
 .rodata._ZN13SpiFlashStore5FlashEv.str1.1
                0x0000000008006300       0x1e ../lib-spiflashstore/lib_gd32/libspiflashstore.a(spiflashstore.o)
 *fill*         0x000000000800631e        0x2 
 .rodata._ZL11s_aStorSize
                0x0000000008006320       0x70 ../lib-spiflashstore/lib_gd32/libspiflashstore.a(spiflashstore.o)
 .rodata._ZTV12StoreNetwork
                0x0000000008006390       0x50 ../lib-spiflashstore/lib_gd32/libspiflashstore.a(storenetwork.o)
                0x0000000008006390                vtable for StoreNetwork
 .rodata._ZTV17StoreRemoteConfig
                0x00000000080063e0       0x18 ../lib-spiflashstore/lib_gd32/libspiflashstore.a(storeremoteconfig.o)
                0x00000000080063e0                vtable for StoreRemoteConfig
 .rodata._ZN12RemoteConfig10HandleListEv.str1.1
                0x00000000080063f8       0x2f ../lib-remoteconfig/lib_gd32/libremoteconfig.a(remoteconfig.o)
 .rodata._ZN12RemoteConfig13HandleTftpGetEv.str1.1
                0x0000000008006427        0x9 ../lib-remoteconfig/lib_gd32/libremoteconfig.a(remoteconfig.o)
                                         0x10 (size before relaxing)
 .rodata._ZN12RemoteConfig13HandleVersionEv.str1.1
                0x0000000008006430        0xb ../lib-remoteconfig/lib_gd32/libremoteconfig.a(remoteconfig.o)
 .rodata._ZN12RemoteConfig12HandleUptimeEv.str1.1
                0x000000000800643b        0xd ../lib-remoteconfig/lib_gd32/libremoteconfig.a(remoteconfig.o)
 .rodata._ZN12RemoteConfig13HandleTftpSetEv.str1.1
                0x0000000008006448       0x43 ../lib-remoteconfig/lib_gd32/libremoteconfig.a(remoteconfig.o)
 .rodata._ZN12RemoteConfig3RunEv.str1.1
                0x000000000800648b       0x18 ../lib-remoteconfig/lib_gd32/libremoteconfig.a(remoteconfig.o)
 .rodata.str1.1
                0x00000000080064a3       0x31 ../lib-remoteconfig/lib_gd32/libremoteconfig.a(remoteconfig.o)
 .rodata._ZL6s_Node
                0x00000000080064d4       0xb4 ../lib-remoteconfig/lib_gd32/libremoteconfig.a(remoteconfig.o)
 .rodata._ZL8s_Output
                0x0000000008006588       0x90 ../lib-remoteconfig/lib_gd32/libremoteconfig.a(remoteconfig.o)
 .rodata._ZN12RemoteConfig5s_GETE
                0x0000000008006618       0x70 ../lib-remoteconfig/lib_gd32/libremoteconfig.a(remoteconfig.o)
                0x0000000008006618                RemoteConfig::s_GET
 .rodata._ZN12RemoteConfig12HandleRebootEv.str1.1
                0x0000000008006688       0x1d ../lib-remoteconfig/lib_gd32/libremoteconfig.a(remoteconfigreboot.o)
 .rodata._ZN14TFTPFileServer9FileCloseEv.str1.1
                0x00000000080066a5       0x17 ../lib-remoteconfig/lib_gd32/libremoteconfig.a(tftpfileserver.o)
 .rodata._ZN14TFTPFileServer10FileCreateEPKc8TFTPMode.str1.1
                0x00000000080066bc       0x1b ../lib-remoteconfig/lib_gd32/libremoteconfig.a(tftpfileserver.o)
 .rodata._ZN14tftpfileserverL9FILE_NAMEE
                0x00000000080066d7        0xd ../lib-remoteconfig/lib_gd32/libremoteconfig.a(tftpfileserver.o)
 .rodata._ZTV14TFTPFileServer
                0x00000000080066e4       0x28 ../lib-remoteconfig/lib_gd32/libremoteconfig.a(tftpfileserver.o)
                0x00000000080066e4                vtable for TFTPFileServer
 .rodata._ZN15SpiFlashInstallC2Ev.str1.1
                0x000000000800670c       0x26 ../lib-spiflashinstall/lib_gd32/libspiflashinstall.a(spiflashinstall.o)
 .rodata._ZN15SpiFlashInstall13WriteFirmwareEPKhj.str1.1
                0x0000000008006732       0x63 ../lib-spiflashinstall/lib_gd32/libspiflashinstall.a(spiflashinstall.o)
 .rodata.spi_flash_get_name.str1.1
                0x0000000008006795        0x9 ../lib-spiflash/lib_gd32/libspiflash.a(spi_flash.o)
 .rodata.udp_bind.str1.1
                0x000000000800679e        0x5 ../lib-network/lib_gd32/libnetwork.a(udp.o)
 .rodata.udp_unbind.str1.1
                0x00000000080067a3        0x8 ../lib-network/lib_gd32/libnetwork.a(udp.o)
 .rodata.udp_send.str1.1
                0x00000000080067ab       0x39 ../lib-network/lib_gd32/libnetwork.a(udp.o)
 .rodata._ZN10TFTPDaemon13HandleRequestEv.str1.1
                0x00000000080067e4       0x53 ../lib-network/lib_gd32/libnetwork.a(tftpdaemon.o)
 .rodata._ZN10TFTPDaemon14HandleRecvDataEv.str1.1
                0x0000000008006837        0xd ../lib-network/lib_gd32/libnetwork.a(tftpdaemon.o)
 .rodata._ZTV10TFTPDaemon
                0x0000000008006844       0x28 ../lib-network/lib_gd32/libnetwork.a(tftpdaemon.o)
                0x0000000008006844                vtable for TFTPDaemon
 .rodata._ZN7NetworkC2Ev.str1.1
                0x000000000800686c        0x5 ../lib-network/lib_gd32/libnetwork.a(network.o)
 .rodata._ZN7Network4InitEP18NetworkParamsStore.str1.1
                0x0000000008006871        0xc ../lib-network/lib_gd32/libnetwork.a(network.o)
 .rodata._ZN7Network5PrintEv.str1.1
                0x000000000800687d       0xd7 ../lib-network/lib_gd32/libnetwork.a(network.o)
 .rodata.console_init.str1.1
                0x0000000008006954        0xc ../lib-hal/lib_gd32/libhal.a(console_uart0.o)
 .rodata.console_set_fg_color.str1.1
                0x0000000008006960       0x1e ../lib-hal/lib_gd32/libhal.a(console_uart0.o)
 .rodata._ZN15FirmwareVersionC2EPKcS1_S1_.str1.1
                0x000000000800697e       0x33 ../lib-hal/lib_gd32/libhal.a(firmwareversion.o)
 *fill*         0x00000000080069b1        0x3 
 .rodata.days_of_month
                0x00000000080069b4       0x30 ../lib-c/lib_gd32/libc.a(time.o)
                0x00000000080069e4                . = ALIGN (0x4)

.ARM.extab
 *(.ARM.extab* .gnu.linkonce.armextab.*)

.ARM            0x00000000080069e4        0x8
                0x00000000080069e4                __exidx_start = .
 *(.ARM.exidx*)
 .ARM.exidx.text.__udivmoddi4
                0x00000000080069e4        0x8 /Applications/ArmGNUToolchain/11.3.rel1/arm-none-eabi/bin/../lib/gcc/arm-none-eabi/11.3.1/thumb/v7-m/nofp/libgcc.a(_udivmoddi4.o)
                0x00000000080069ec                __exidx_end = .

.rel.dyn        0x00000000080069ec        0x0
 .rel.iplt      0x00000000080069ec        0x0 build_gd32/startup_gd32f20x_cl.o

.ARM.attributes
                0x00000000080069ec       0x2f
 *(.ARM.attributes)
 .ARM.attributes
                0x00000000080069ec       0x21 build_gd32/startup_gd32f20x_cl.o
 .ARM.attributes
                0x0000000008006a0d       0x2d build_gd32/firmware/main.o
 .ARM.attributes
                0x0000000008006a3a       0x2d build_gd32/lib/networkdisplay.o
 .ARM.attributes
                0x0000000008006a67       0x2d /Applications/ArmGNUToolchain/11.3.rel1/arm-none-eabi/bin/../lib/gcc/arm-none-eabi/11.3.1/thumb/v7-m/nofp/libgcc.a(_popcountsi2.o)
 .ARM.attributes
                0x0000000008006a94       0x2d ../lib-c/lib_gd32/libc.a(printf.o)
 .ARM.attributes
                0x0000000008006ac1       0x1d /Applications/ArmGNUToolchain/11.3.rel1/arm-none-eabi/bin/../lib/gcc/arm-none-eabi/11.3.1/thumb/v7-m/nofp/libgcc.a(_aeabi_uldivmod.o)
 .ARM.attributes
                0x0000000008006ade       0x2d /Applications/ArmGNUToolchain/11.3.rel1/arm-none-eabi/bin/../lib/gcc/arm-none-eabi/11.3.1/thumb/v7-m/nofp/libgcc.a(_udivmoddi4.o)
 .ARM.attributes
                0x0000000008006b0b       0x1d /Applications/ArmGNUToolchain/11.3.rel1/arm-none-eabi/bin/../lib/gcc/arm-none-eabi/11.3.1/thumb/v7-m/nofp/libgcc.a(_dvmd_tls.o)
 .ARM.attributes
                0x0000000008006b28       0x2d ../lib-display/lib_gd32/libdisplay.a(display.o)
 .ARM.attributes
                0x0000000008006b55       0x2d ../lib-display/lib_gd32/libdisplay.a(ssd1306.o)
 .ARM.attributes
                0x0000000008006b82       0x2d ../lib-display/lib_gd32/libdisplay.a(display_timeout.o)
 .ARM.attributes
                0x0000000008006baf       0x2d ../lib-spiflashstore/lib_gd32/libspiflashstore.a(spiflashstore.o)
 .ARM.attributes
                0x0000000008006bdc       0x2d ../lib-spiflashstore/lib_gd32/libspiflashstore.a(storenetwork.o)
 .ARM.attributes
                0x0000000008006c09       0x2d ../lib-spiflashstore/lib_gd32/libspiflashstore.a(storeremoteconfig.o)
 .ARM.attributes
                0x0000000008006c36       0x2d ../lib-remoteconfig/lib_gd32/libremoteconfig.a(remoteconfig.o)
 .ARM.attributes
                0x0000000008006c63       0x2d ../lib-remoteconfig/lib_gd32/libremoteconfig.a(remoteconfigfactory.o)
 .ARM.attributes
                0x0000000008006c90       0x2d ../lib-remoteconfig/lib_gd32/libremoteconfig.a(remoteconfigparams.o)
 .ARM.attributes
                0x0000000008006cbd       0x2d ../lib-remoteconfig/lib_gd32/libremoteconfig.a(remoteconfigreboot.o)
 .ARM.attributes
                0x0000000008006cea       0x2d ../lib-remoteconfig/lib_gd32/libremoteconfig.a(tftpfileserver.o)
 .ARM.attributes
                0x0000000008006d17       0x2d ../lib-remoteconfig/lib_gd32/libremoteconfig.a(tftpfileserver.o)
 .ARM.attributes
                0x0000000008006d44       0x2d ../lib-spiflashinstall/lib_gd32/libspiflashinstall.a(spiflashinstall.o)
 .ARM.attributes
                0x0000000008006d71       0x2d ../lib-spiflashinstall/lib_gd32/libspiflashinstall.a(spiflashinstall.o)
 .ARM.attributes
                0x0000000008006d9e       0x2d ../lib-spiflash/lib_gd32/libspiflash.a(spi_flash.o)
 .ARM.attributes
                0x0000000008006dcb       0x2d ../lib-network/lib_gd32/libnetwork.a(net.o)
 .ARM.attributes
                0x0000000008006df8       0x2d ../lib-network/lib_gd32/libnetwork.a(net_timers.o)
 .ARM.attributes
                0x0000000008006e25       0x2d ../lib-network/lib_gd32/libnetwork.a(rfc3927.o)
 .ARM.attributes
                0x0000000008006e52       0x2d ../lib-network/lib_gd32/libnetwork.a(tcp.o)
 .ARM.attributes
                0x0000000008006e7f       0x2d ../lib-network/lib_gd32/libnetwork.a(udp.o)
 .ARM.attributes
                0x0000000008006eac       0x2d ../lib-network/lib_gd32/libnetwork.a(tftpdaemon.o)
 .ARM.attributes
                0x0000000008006ed9       0x2d ../lib-network/lib_gd32/libnetwork.a(network.o)
 .ARM.attributes
                0x0000000008006f06       0x2d ../lib-network/lib_gd32/libnetwork.a(networkparams.o)
 .ARM.attributes
                0x0000000008006f33       0x2d ../lib-network/lib_gd32/libnetwork.a(networkparamsdump.o)
 .ARM.attributes
                0x0000000008006f60       0x2d ../lib-network/lib_gd32/libnetwork.a(arp.o)
 .ARM.attributes
                0x0000000008006f8d       0x2d ../lib-network/lib_gd32/libnetwork.a(arp_cache.o)
 .ARM.attributes
                0x0000000008006fba       0x2d ../lib-network/lib_gd32/libnetwork.a(dhcp.o)
 .ARM.attributes
                0x0000000008006fe7       0x2d ../lib-network/lib_gd32/libnetwork.a(igmp.o)
 .ARM.attributes
                0x0000000008007014       0x2d ../lib-network/lib_gd32/libnetwork.a(ip.o)
 .ARM.attributes
                0x0000000008007041       0x2d ../lib-network/lib_gd32/libnetwork.a(net_chksum.o)
 .ARM.attributes
                0x000000000800706e       0x2d ../lib-network/lib_gd32/libnetwork.a(icmp.o)
 .ARM.attributes
                0x000000000800709b       0x2d ../lib-hal/lib_gd32/libhal.a(console_uart0.o)
 .ARM.attributes
                0x00000000080070c8       0x2d ../lib-hal/lib_gd32/libhal.a(firmwareversion.o)
 .ARM.attributes
                0x00000000080070f5       0x2d ../lib-hal/lib_gd32/libhal.a(ledblink.o)
 .ARM.attributes
                0x0000000008007122       0x2d ../lib-hal/lib_gd32/libhal.a(hardware.o)
 .ARM.attributes
                0x000000000800714f       0x2d ../lib-c++/lib_gd32/libc++.a(delete.o)
 .ARM.attributes
                0x000000000800717c       0x2d ../lib-c++/lib_gd32/libc++.a(new.o)
 .ARM.attributes
                0x00000000080071a9       0x2d ../lib-c/lib_gd32/libc.a(malloc.o)
 .ARM.attributes
                0x00000000080071d6       0x2d ../lib-c/lib_gd32/libc.a(memmove.o)
 .ARM.attributes
                0x0000000008007203       0x2d ../lib-c/lib_gd32/libc.a(memset.o)
 .ARM.attributes
                0x0000000008007230       0x2d ../lib-c/lib_gd32/libc.a(puts.o)
 .ARM.attributes
                0x000000000800725d       0x2d ../lib-c/lib_gd32/libc.a(time.o)
 .ARM.attributes
                0x000000000800728a       0x2d ../lib-c/lib_gd32/libc.a(time.o)
 .ARM.attributes
                0x00000000080072b7       0x2d ../lib-gd32/lib_gd32/libgd32.a(gd32_uart0.o)
 .ARM.attributes
                0x00000000080072e4       0x2d ../lib-gd32/lib_gd32/libgd32.a(systick.o)
 .ARM.attributes
                0x0000000008007311       0x2d ../lib-gd32/lib_gd32/libgd32.a(system_gd32f20x.o)
 .ARM.attributes
                0x000000000800733e       0x2d ../lib-gd32/lib_gd32/libgd32.a(gd32f20x_bkp.o)
 .ARM.attributes
                0x000000000800736b       0x2d ../lib-gd32/lib_gd32/libgd32.a(gd32f20x_fmc.o)
 .ARM.attributes
                0x0000000008007398       0x2d ../lib-gd32/lib_gd32/libgd32.a(gd32f20x_fwdgt.o)
 .ARM.attributes
                0x00000000080073c5       0x2d ../lib-gd32/lib_gd32/libgd32.a(gd32f20x_gpio.o)
 .ARM.attributes
                0x00000000080073f2       0x2d ../lib-gd32/lib_gd32/libgd32.a(gd32f20x_pmu.o)
 .ARM.attributes
                0x000000000800741f       0x2d ../lib-gd32/lib_gd32/libgd32.a(gd32f20x_rcu.o)
 .ARM.attributes
                0x000000000800744c       0x2d ../lib-gd32/lib_gd32/libgd32.a(gd32f20x_timer.o)
 .ARM.attributes
                0x0000000008007479       0x2d ../lib-gd32/lib_gd32/libgd32.a(gd32f20x_usart.o)
 .ARM.attributes
                0x00000000080074a6       0x2d ../lib-gd32/lib_gd32/libgd32.a(net.o)
 .ARM.attributes
                0x00000000080074d3       0x2d ../lib-gd32/lib_gd32/libgd32.a(gd32_adc.o)
 .ARM.attributes
                0x0000000008007500       0x2d ../lib-gd32/lib_gd32/libgd32.a(gd32_i2c.o)
 .ARM.attributes
                0x000000000800752d       0x2d ../lib-gd32/lib_gd32/libgd32.a(gd32_uart.o)
 .ARM.attributes
                0x000000000800755a       0x2d ../lib-gd32/lib_gd32/libgd32.a(micros.o)
 .ARM.attributes
                0x0000000008007587       0x2d ../lib-gd32/lib_gd32/libgd32.a(udelay.o)
 .ARM.attributes
                0x00000000080075b4       0x2d ../lib-gd32/lib_gd32/libgd32.a(emac.o)
 .ARM.attributes
                0x00000000080075e1       0x2d ../lib-gd32/lib_gd32/libgd32.a(net_link_check.o)
 .ARM.attributes
                0x000000000800760e       0x2d ../lib-gd32/lib_gd32/libgd32.a(gd32f20x_adc.o)
 .ARM.attributes
                0x000000000800763b       0x2d ../lib-gd32/lib_gd32/libgd32.a(gd32f20x_enet.o)
 .ARM.attributes
                0x0000000008007668       0x2d ../lib-gd32/lib_gd32/libgd32.a(gd32f20x_i2c.o)
 .ARM.attributes
                0x0000000008007695       0x2d ../lib-gd32/lib_gd32/libgd32.a(mac_address.o)

.preinit_array  0x00000000080069ec        0x0
                [!provide]                        PROVIDE (__preinit_array_start = .)
 *(.preinit_array*)
                [!provide]                        PROVIDE (__preinit_array_end = .)

.init_array     0x00000000080069ec        0x0
                [!provide]                        PROVIDE (__init_array_start = .)
 *(SORT_BY_NAME(.init_array.*))
 *(.init_array*)
                [!provide]                        PROVIDE (__init_array_end = .)

.fini_array     0x00000000080069ec        0x0
                [!provide]                        PROVIDE (__fini_array_start = .)
 *(.fini_array*)
 *(SORT_BY_NAME(.fini_array.*))
                [!provide]                        PROVIDE (__fini_array_end = .)
                0x00000000080069ec                _sidata = LOADADDR (.data)

.data           0x0000000020000000       0x70 load address 0x00000000080069ec
                0x0000000020000000                . = ALIGN (0x4)
                0x0000000020000000                _sdata = .
 *(.data)
 *(.data*)
 .data.s_multicast_mac
                0x0000000020000000        0x6 ../lib-network/lib_gd32/libnetwork.a(udp.o)
 *fill*         0x0000000020000006        0x2 
 .data.next_block
                0x0000000020000008        0x4 ../lib-c/lib_gd32/libc.a(malloc.o)
 .data.s_block_bucket
                0x000000002000000c       0x60 ../lib-c/lib_gd32/libc.a(malloc.o)
 .data.SystemCoreClock
                0x000000002000006c        0x4 ../lib-gd32/lib_gd32/libgd32.a(system_gd32f20x.o)
                0x000000002000006c                SystemCoreClock
                0x0000000020000070                . = ALIGN (0x4)
                0x0000000020000070                _edata = .

.igot.plt       0x0000000020000070        0x0 load address 0x0000000008006a5c
 .igot.plt      0x0000000020000070        0x0 build_gd32/startup_gd32f20x_cl.o
                0x0000000020000070                . = ALIGN (0x4)

.bss            0x0000000020000070     0x4bb4 load address 0x0000000008006a5c
                0x0000000020000070                _sbss = .
                0x0000000020000070                __bss_start__ = _sbss
 *(.bss)
 *(.bss*)
 .bss.outptr    0x0000000020000070        0x4 ../lib-c/lib_gd32/libc.a(printf.o)
 .bss._ZN7Display7s_pThisE
                0x0000000020000074        0x4 ../lib-display/lib_gd32/libdisplay.a(display.o)
                0x0000000020000074                Display::s_pThis
 .bss._ZL12_ClearBuffer
                0x0000000020000078       0x86 ../lib-display/lib_gd32/libdisplay.a(ssd1306.o)
 *fill*         0x00000000200000fe        0x2 
 .bss._ZN7Ssd13067s_pThisE
                0x0000000020000100        0x4 ../lib-display/lib_gd32/libdisplay.a(ssd1306.o)
                0x0000000020000100                Ssd1306::s_pThis
 .bss._ZN13SpiFlashStore14s_SpiFlashDataE
                0x0000000020000104     0x1000 ../lib-spiflashstore/lib_gd32/libspiflashstore.a(spiflashstore.o)
                0x0000000020000104                SpiFlashStore::s_SpiFlashData
 .bss._ZN13SpiFlashStore15s_nStartAddressE
                0x0000000020001104        0x4 ../lib-spiflashstore/lib_gd32/libspiflashstore.a(spiflashstore.o)
                0x0000000020001104                SpiFlashStore::s_nStartAddress
 .bss._ZN13SpiFlashStore16s_bHaveFlashChipE
                0x0000000020001108        0x1 ../lib-spiflashstore/lib_gd32/libspiflashstore.a(spiflashstore.o)
                0x0000000020001108                SpiFlashStore::s_bHaveFlashChip
 *fill*         0x0000000020001109        0x3 
 .bss._ZN13SpiFlashStore20s_nSpiFlashStoreSizeE
                0x000000002000110c        0x4 ../lib-spiflashstore/lib_gd32/libspiflashstore.a(spiflashstore.o)
                0x000000002000110c                SpiFlashStore::s_nSpiFlashStoreSize
 .bss._ZN13SpiFlashStore7s_StateE
                0x0000000020001110        0x4 ../lib-spiflashstore/lib_gd32/libspiflashstore.a(spiflashstore.o)
                0x0000000020001110                SpiFlashStore::s_State
 .bss._ZN13SpiFlashStore7s_pThisE
                0x0000000020001114        0x4 ../lib-spiflashstore/lib_gd32/libspiflashstore.a(spiflashstore.o)
                0x0000000020001114                SpiFlashStore::s_pThis
 .bss._ZN13SpiFlashStore8s_bIsNewE
                0x0000000020001118        0x1 ../lib-spiflashstore/lib_gd32/libspiflashstore.a(spiflashstore.o)
                0x0000000020001118                SpiFlashStore::s_bIsNew
 *fill*         0x0000000020001119        0x3 
 .bss._ZN12StoreNetwork7s_pThisE
                0x000000002000111c        0x4 ../lib-spiflashstore/lib_gd32/libspiflashstore.a(storenetwork.o)
                0x000000002000111c                StoreNetwork::s_pThis
 .bss._ZN17StoreRemoteConfig7s_pThisE
                0x0000000020001120        0x4 ../lib-spiflashstore/lib_gd32/libspiflashstore.a(storeremoteconfig.o)
                0x0000000020001120                StoreRemoteConfig::s_pThis
 .bss._ZN12RemoteConfig12s_pUdpBufferE
                0x0000000020001124        0x4 ../lib-remoteconfig/lib_gd32/libremoteconfig.a(remoteconfig.o)
                0x0000000020001124                RemoteConfig::s_pUdpBuffer
 .bss._ZN12RemoteConfig21s_RemoteConfigListBinE
                0x0000000020001128       0x21 ../lib-remoteconfig/lib_gd32/libremoteconfig.a(remoteconfig.o)
                0x0000000020001128                RemoteConfig::s_RemoteConfigListBin